Archive member included because of file (symbol)

D:/Projekte/UCU_AMOS/23_SW_Construction/23c_Application/Bsw/BSW_Lib.a(Cpu2_Main.o)
                              D:/Projekte/UCU_AMOS/23_SW_Construction/23c_Application/tmp\IfxCpu_CStart2.o (core2_main)
D:/Projekte/UCU_AMOS/23_SW_Construction/23c_Application/Bsw/BSW_Lib.a(Cpu1_Main.o)
                              D:/Projekte/UCU_AMOS/23_SW_Construction/23c_Application/tmp\IfxCpu_CStart1.o (core1_main)
D:/Projekte/UCU_AMOS/23_SW_Construction/23c_Application/Bsw/BSW_Lib.a(Cpu0_Os_Main.o)
                              D:/Projekte/UCU_AMOS/23_SW_Construction/23c_Application/Bsw/BSW_Lib.a(Cpu2_Main.o) (default_cpu_start_counter_u32)
D:/Projekte/UCU_AMOS/23_SW_Construction/23c_Application/Bsw/BSW_Lib.a(Cpu0_Main.o)
                              D:/Projekte/UCU_AMOS/23_SW_Construction/23c_Application/tmp\IfxCpu_CStart0.o (core0_main)
D:/Projekte/UCU_AMOS/23_SW_Construction/23c_Application/Bsw/BSW_Lib.a(datLifeTimeBsw.o)
                              D:/Projekte/UCU_AMOS/23_SW_Construction/23c_Application/Bsw/BSW_Lib.a(Cpu0_Os_Main.o) (DataLfBsw_EEPROM)
D:/Projekte/UCU_AMOS/23_SW_Construction/23c_Application/Bsw/BSW_Lib.a(os.o)
                              D:/Projekte/UCU_AMOS/23_SW_Construction/23c_Application/Bsw/BSW_Lib.a(Cpu0_Os_Main.o) (OS_Time)
D:/Projekte/UCU_AMOS/23_SW_Construction/23c_Application/Bsw/BSW_Lib.a(EcuM.o)
                              D:/Projekte/UCU_AMOS/23_SW_Construction/23c_Application/Bsw/BSW_Lib.a(Cpu0_Os_Main.o) (EcuM_Init)
D:/Projekte/UCU_AMOS/23_SW_Construction/23c_Application/Bsw/BSW_Lib.a(Cpu2_Os_Main.o)
                              D:/Projekte/UCU_AMOS/23_SW_Construction/23c_Application/Bsw/BSW_Lib.a(os.o) (MAIN_Init_C2)
D:/Projekte/UCU_AMOS/23_SW_Construction/23c_Application/Bsw/BSW_Lib.a(CompilerGnuc.o)
                              D:/Projekte/UCU_AMOS/23_SW_Construction/23c_Application/tmp\IfxCpu_CStart0.o (Ifx_C_Init)
D:/Projekte/UCU_AMOS/23_SW_Construction/23c_Application/Bsw/BSW_Lib.a(Com.o)
                              D:/Projekte/UCU_AMOS/23_SW_Construction/23c_Application/Bsw/BSW_Lib.a(Cpu0_Os_Main.o) (Com_Init)
D:/Projekte/UCU_AMOS/23_SW_Construction/23c_Application/Bsw/BSW_Lib.a(LinIf.o)
                              D:/Projekte/UCU_AMOS/23_SW_Construction/23c_Application/Bsw/BSW_Lib.a(Cpu0_Os_Main.o) (LinIf_Init)
D:/Projekte/UCU_AMOS/23_SW_Construction/23c_Application/Bsw/BSW_Lib.a(LinSM.o)
                              D:/Projekte/UCU_AMOS/23_SW_Construction/23c_Application/Bsw/BSW_Lib.a(Cpu0_Os_Main.o) (LinSM_Init)
D:/Projekte/UCU_AMOS/23_SW_Construction/23c_Application/Bsw/BSW_Lib.a(xcp_app.o)
                              D:/Projekte/UCU_AMOS/23_SW_Construction/23c_Application/Bsw/BSW_Lib.a(EcuM.o) (xcp_prog_active)
D:/Projekte/UCU_AMOS/23_SW_Construction/23c_Application/Bsw/BSW_Lib.a(XcpIf.o)
                              D:/Projekte/UCU_AMOS/23_SW_Construction/23c_Application/Bsw/BSW_Lib.a(Cpu0_Os_Main.o) (XcpIf_Init)
D:/Projekte/UCU_AMOS/23_SW_Construction/23c_Application/Bsw/BSW_Lib.a(xcp.o)
                              D:/Projekte/UCU_AMOS/23_SW_Construction/23c_Application/Bsw/BSW_Lib.a(XcpIf.o) (xcp_interface)
D:/Projekte/UCU_AMOS/23_SW_Construction/23c_Application/Bsw/BSW_Lib.a(Dts.o)
                              D:/Projekte/UCU_AMOS/23_SW_Construction/23c_Application/Bsw/BSW_Lib.a(Cpu0_Os_Main.o) (Dts_Init)
D:/Projekte/UCU_AMOS/23_SW_Construction/23c_Application/Bsw/BSW_Lib.a(system.o)
                              D:/Projekte/UCU_AMOS/23_SW_Construction/23c_Application/Bsw/BSW_Lib.a(Cpu0_Os_Main.o) (Sys_Init)
D:/Projekte/UCU_AMOS/23_SW_Construction/23c_Application/Bsw/BSW_Lib.a(GdbNtc.o)
                              D:/Projekte/UCU_AMOS/23_SW_Construction/23c_Application/Bsw/BSW_Lib.a(system.o) (GdbNtc_GetTemperature)
D:/Projekte/UCU_AMOS/23_SW_Construction/23c_Application/Bsw/BSW_Lib.a(nvm.o)
                              D:/Projekte/UCU_AMOS/23_SW_Construction/23c_Application/Bsw/BSW_Lib.a(EcuM.o) (NvM_RamBuff_Bootloader_au8)
D:/Projekte/UCU_AMOS/23_SW_Construction/23c_Application/Bsw/BSW_Lib.a(IfxCpu.o)
                              D:/Projekte/UCU_AMOS/23_SW_Construction/23c_Application/tmp\IfxCpu_CStart0.o (IfxCpu_startCore)
D:/Projekte/UCU_AMOS/23_SW_Construction/23c_Application/Bsw/BSW_Lib.a(IfxEth_Phy_Tja1100.o)
                              D:/Projekte/UCU_AMOS/23_SW_Construction/23c_Application/Bsw/BSW_Lib.a(Cpu0_Os_Main.o) (IfxEth_Phy_Tja1100_IsPhyOn)
D:/Projekte/UCU_AMOS/23_SW_Construction/23c_Application/Bsw/BSW_Lib.a(IfxScuCcu.o)
                              D:/Projekte/UCU_AMOS/23_SW_Construction/23c_Application/tmp\IfxCpu_CStart0.o (IfxScuCcu_defaultClockConfig)
D:/Projekte/UCU_AMOS/23_SW_Construction/23c_Application/Bsw/BSW_Lib.a(IfxScuWdt.o)
                              D:/Projekte/UCU_AMOS/23_SW_Construction/23c_Application/Bsw/BSW_Lib.a(IfxCpu.o) (IfxScuWdt_clearCpuEndinit)
[...]
Memory Configuration

Name             Origin             Length             Used               Free               Attributes
dsram2_local     0x00000000d0000000 0x000000000003c000         0x0000000000000000         0x000000000003c000 w !xp
dsram2           0x0000000050000000 0x000000000003c000         0x000000000003bc00         0x0000000000000400 w !xp
psram2           0x0000000050100000 0x0000000000008000         0x0000000000000000         0x0000000000008000 w !xp
dsram1_local     0x00000000d0000000 0x000000000003c000         0x0000000000000000         0x000000000003c000 w !xp
dsram1           0x0000000060000000 0x000000000003c000         0x000000000003bc00         0x0000000000000400 w !xp
psram1           0x0000000060100000 0x0000000000008000         0x0000000000000000         0x0000000000008000 w !xp
dsram0_local     0x00000000d0000000 0x000000000001c000         0x0000000000000000         0x000000000001c000 w !xp
dsram0           0x0000000070000000 0x000000000001e000         0x000000000001dc00         0x0000000000000400 w !xp
psram0           0x0000000070100000 0x0000000000008000         0x0000000000000000         0x0000000000008000 w !xp
psram_local      0x00000000c0000000 0x0000000000008000         0x0000000000000000         0x0000000000008000 w !xp
pfls0            0x0000000080000000 0x0000000000200000         0x00000000001fc008         0x0000000000003ff8 xr !p
pfls0_nc         0x00000000a0000000 0x0000000000200000         0x0000000000000000         0x0000000000200000 xr !p
pfls1            0x0000000080200000 0x0000000000200000         0x0000000000000000         0x0000000000200000 xr !p
pfls1_nc         0x00000000a0200000 0x0000000000200000         0x0000000000000000         0x0000000000200000 xr !p
pfls2            0x0000000080400000 0x0000000000200000         0x0000000000000000         0x0000000000200000 xr !p
pfls2_nc         0x00000000a0400000 0x0000000000200000         0x0000000000000000         0x0000000000200000 xr !p
pfls3            0x0000000080600000 0x0000000000200000         0x0000000000000000         0x0000000000200000 xr !p
pfls3_nc         0x00000000a0600000 0x0000000000200000         0x0000000000000000         0x0000000000200000 xr !p
dfls0            0x00000000af000000 0x0000000000100000         0x0000000000000000         0x0000000000100000 xr !p
lmuram           0x0000000090000000 0x0000000000008000         0x0000000000000000         0x0000000000008000 w !xp
lmuram_nc        0x00000000b0000000 0x0000000000008000         0x0000000000000064         0x0000000000007f9c w !xp
edmem            0x000000009f000000 0x0000000000200000         0x0000000000000000         0x0000000000200000 w !xp
edmem_nc         0x00000000bf000000 0x0000000000200000         0x0000000000000000         0x0000000000200000 w !xp
edmem_xtm        0x000000009f200000 0x0000000000004000         0x0000000000000000         0x0000000000004000 w !xp
edmem_xtm_nc     0x00000000bf200000 0x0000000000004000         0x0000000000000000         0x0000000000004000 w !xp
*default*        0x0000000000000000 0xffffffffffffffff         0x000000000000c62b         0xffffffffffff39d4

List of aliases

dsram1          : default_ram

Memory region maps:

CORE     Local Region   Global Region
CPU2     0xd0000000     0x50000000
CPU1     0xd0000000     0x60000000
CPU0     0xd0000000     0x70000000


Linker script and memory map

LOAD D:/Projekte/UCU_AMOS/23_SW_Construction/23c_Application/tmp\IfxCpu_Trap.o
LOAD D:/Projekte/UCU_AMOS/23_SW_Construction/23c_Application/tmp\IfxCpu_CStart0.o
LOAD D:/Projekte/UCU_AMOS/23_SW_Construction/23c_Application/tmp\IfxCpu_CStart1.o
LOAD D:/Projekte/UCU_AMOS/23_SW_Construction/23c_Application/tmp\IfxCpu_CStart2.o
LOAD D:/Projekte/UCU_AMOS/23_SW_Construction/23c_Application/tmp\IfxCpu_Irq.o
LOAD D:/Projekte/UCU_AMOS/23_SW_Construction/23c_Application/tmp\IsrCoreMapping.o
LOAD D:/Projekte/UCU_AMOS/23_SW_Construction/23c_Application/Bsw/BSW_Lib.a
LOAD D:/Projekte/UCU_AMOS/23_SW_Construction/23c_Application/tmp/libs/Rte_Lib.a
LOAD D:/Projekte/UCU_AMOS/23_SW_Construction/23c_Application/tmp/libs/IOHwAb_C0_Lib.a
LOAD D:/Projekte/UCU_AMOS/23_SW_Construction/23c_Application/tmp/libs/AMOS_APP4UCU_Lib.a
LOAD D:/Projekte/UCU_AMOS/23_SW_Construction/23c_Application/tmp/libs/wLoad_Lib.a
LOAD c:/hightec/toolchains/tricore/v4.9.3.0-infineon-1.0/bin/../lib/gcc/tricore/4.9.4/../../../../tricore/lib\libc.a
LOAD c:/hightec/toolchains/tricore/v4.9.3.0-infineon-1.0/bin/../lib/gcc/tricore/4.9.4\libgcc.a
LOAD c:/hightec/toolchains/tricore/v4.9.3.0-infineon-1.0/bin/../lib/gcc/tricore/4.9.4/../../../../tricore/lib\libm.a
LOAD c:/hightec/toolchains/tricore/v4.9.3.0-infineon-1.0/bin/../lib/gcc/tricore/4.9.4/../../../../tricore/lib\libg.a
LOAD c:/hightec/toolchains/tricore/v4.9.3.0-infineon-1.0/bin/../lib/gcc/tricore/4.9.4\libgcc.a
LOAD c:/hightec/toolchains/tricore/v4.9.3.0-infineon-1.0/bin/../lib/gcc/tricore/4.9.4/../../../../tricore/lib\libc.a
LOAD c:/hightec/toolchains/tricore/v4.9.3.0-infineon-1.0/bin/../lib/gcc/tricore/4.9.4/../../../../tricore/lib\libos.a
LOAD c:/hightec/toolchains/tricore/v4.9.3.0-infineon-1.0/bin/../lib/gcc/tricore/4.9.4/../../../../tricore/lib\libm.a
LOAD c:/hightec/toolchains/tricore/v4.9.3.0-infineon-1.0/bin/../lib/gcc/tricore/4.9.4/../../../../tricore/lib\libc.a
LOAD c:/hightec/toolchains/tricore/v4.9.3.0-infineon-1.0/bin/../lib/gcc/tricore/4.9.4\libgcc.a
                0x0000000000000290                __TRICORE_DERIVATE_MEMORY_MAP__ = 0x290
                0x0000000000002000                LCF_CSA0_SIZE = 0x2000
                0x0000000000001000                LCF_USTACK0_SIZE = 0x1000
                0x0000000000000800                LCF_ISTACK0_SIZE = 0x800
                0x0000000000002000                LCF_CSA1_SIZE = 0x2000
                0x0000000000001000                LCF_USTACK1_SIZE = 0x1000
                0x0000000000000800                LCF_ISTACK1_SIZE = 0x800
                0x0000000000002000                LCF_CSA2_SIZE = 0x2000
                0x0000000000001000                LCF_USTACK2_SIZE = 0x1000
                0x0000000000000800                LCF_ISTACK2_SIZE = 0x800
                0x0000000000001000                LCF_HEAP_SIZE = 0x1000
                0x0000000050000000                LCF_DSPR2_START = 0x50000000
                0x000000000003c000                LCF_DSPR2_SIZE = 0x3c000
                0x0000000060000000                LCF_DSPR1_START = 0x60000000
                0x000000000003c000                LCF_DSPR1_SIZE = 0x3c000
                0x0000000070000000                LCF_DSPR0_START = 0x70000000
                0x000000000001e000                LCF_DSPR0_SIZE = 0x1e000
                0x0000000000039c00                LCF_CSA2_OFFSET = ((LCF_DSPR2_SIZE - 0x400) - LCF_CSA2_SIZE)
                0x0000000000039300                LCF_ISTACK2_OFFSET = ((LCF_CSA2_OFFSET - 0x100) - LCF_ISTACK2_SIZE)
                0x0000000000038200                LCF_USTACK2_OFFSET = ((LCF_ISTACK2_OFFSET - 0x100) - LCF_USTACK2_SIZE)
                0x0000000000039c00                LCF_CSA1_OFFSET = ((LCF_DSPR1_SIZE - 0x400) - LCF_CSA1_SIZE)
                0x0000000000039300                LCF_ISTACK1_OFFSET = ((LCF_CSA1_OFFSET - 0x100) - LCF_ISTACK1_SIZE)
                0x0000000000038200                LCF_USTACK1_OFFSET = ((LCF_ISTACK1_OFFSET - 0x100) - LCF_USTACK1_SIZE)
                0x000000000001bc00                LCF_CSA0_OFFSET = ((LCF_DSPR0_SIZE - 0x400) - LCF_CSA0_SIZE)
                0x000000000001b300                LCF_ISTACK0_OFFSET = ((LCF_CSA0_OFFSET - 0x100) - LCF_ISTACK0_SIZE)
                0x000000000001a200                LCF_USTACK0_OFFSET = ((LCF_ISTACK0_OFFSET - 0x100) - LCF_USTACK0_SIZE)
                0x0000000000019200                LCF_HEAP0_OFFSET = (LCF_USTACK0_OFFSET - LCF_HEAP_SIZE)
                0x0000000000037200                LCF_HEAP1_OFFSET = (LCF_USTACK1_OFFSET - LCF_HEAP_SIZE)
                0x0000000000037200                LCF_HEAP2_OFFSET = (LCF_USTACK2_OFFSET - LCF_HEAP_SIZE)
                0x00000000801f4000                LCF_INTVEC0_START = 0x801f4000
                0x0000000080080100                LCF_TRAPVEC0_START = 0x80080100
                0x00000000801f6100                LCF_TRAPVEC1_START = 0x801f6100
                0x00000000801f6000                LCF_TRAPVEC2_START = 0x801f6000
                0x0000000080000020                RESET = 0x80000020

.startup        memory region -> pfls0
                0x0000000080080000       0x10
                0x0000000080080000                . = ALIGN (0x4)
 *(.start)
 .start         0x0000000080080000       0x10 D:/Projekte/UCU_AMOS/23_SW_Construction/23c_Application/tmp\IfxCpu_CStart0.o
                0x0000000080080000                _START
                0x0000000080080010                . = ALIGN (0x4)

.startupindo    memory region -> pfls0
                0x0000000080080000        0x0
 *(.startupindi)
                0x0000000080080000                . = ALIGN (0x4)

.interface_const memory region -> pfls0
                0x0000000080080040        0x0
                0x0000000080080040                __IF_CONST = .
 *(.interface_const)
                0x0000000080080040                . = ALIGN (0x4)

.traptab_tc0    memory region -> pfls0
                0x0000000080080100      0x100
                0x0000000080080100                PROVIDE (__TRAPTAB_CPU0, .)
 *(.traptab_cpu0)
 .traptab_cpu0  0x0000000080080100      0x100 D:/Projekte/UCU_AMOS/23_SW_Construction/23c_Application/tmp\IfxCpu_Trap.o
                0x0000000080080100                IfxCpu_Trap_vectorTable0

.zrodata
 *(.zrodata)
 *(.zrodata.*)

.sdata2         memory region -> pfls0
                0x0000000080080200       0x48
 *(.srodata)
 .srodata       0x0000000080080200        0x8 D:/Projekte/UCU_AMOS/23_SW_Construction/23c_Application/Bsw/BSW_Lib.a(xcp.o)
 .srodata       0x0000000080080208       0x18 D:/Projekte/UCU_AMOS/23_SW_Construction/23c_Application/Bsw/BSW_Lib.a(uIPMain.o)
                0x0000000080080208                myMacAddress
                0x000000008008020e                myEthIp
                0x0000000080080212                myNetMask
                0x0000000080080216                myGwIp
                0x000000008008021c                myPort
 .srodata       0x0000000080080220        0x8 D:/Projekte/UCU_AMOS/23_SW_Construction/23c_Application/Bsw/BSW_Lib.a(uip.o)
 .srodata       0x0000000080080228        0xa D:/Projekte/UCU_AMOS/23_SW_Construction/23c_Application/Bsw/BSW_Lib.a(uip_arp.o)
 *fill*         0x0000000080080232        0x2 00
 .srodata       0x0000000080080234       0x14 D:/Projekte/UCU_AMOS/23_SW_Construction/23c_Application/Bsw/BSW_Lib.a(Lin_Cfg.o)
                0x0000000080080234                Lin_General
                0x000000008008023c                Lin_GlobalConfig
                0x0000000080080240                Lin_Cfg
 *(.srodata.*)
                0x0000000080088200                _SMALL_DATA2_ = SIZEOF (.sdata2)?(ADDR (.sdata2) + 0x8000):((ADDR (.sdata2) & 0xf0000000) + 0x8000)
                0x0000000080088200                __A1_MEM = _SMALL_DATA2_

.rodata         memory region -> pfls0
                0x0000000080080248     0x2328
 *(.rodata)
 .rodata        0x0000000080080248       0x30 D:/Projekte/UCU_AMOS/23_SW_Construction/23c_Application/Bsw/BSW_Lib.a(LinIf.o)
                0x0000000080080248                LINIF_SCH_TAB_LIN1
 .rodata        0x0000000080080278      0x258 D:/Projekte/UCU_AMOS/23_SW_Construction/23c_Application/Bsw/BSW_Lib.a(xcp.o)
                0x0000000080080278                xcp_interface
 .rodata        0x00000000800804d0       0xa8 D:/Projekte/UCU_AMOS/23_SW_Construction/23c_Application/Bsw/BSW_Lib.a(GdbNtc.o)
 .rodata        0x0000000080080578       0x60 D:/Projekte/UCU_AMOS/23_SW_Construction/23c_Application/Bsw/BSW_Lib.a(nvm.o)
                0x0000000080080578                NvM_DataItem
 .rodata        0x00000000800805d8       0x78 D:/Projekte/UCU_AMOS/23_SW_Construction/23c_Application/Bsw/BSW_Lib.a(IfxScuCcu.o)
                0x00000000800805fc                IfxScuCcu_defaultClockConfig
 .rodata        0x0000000080080650       0x51 D:/Projekte/UCU_AMOS/23_SW_Construction/23c_Application/Bsw/BSW_Lib.a(can.o)
                0x0000000080080650                can_CodeToLength
                0x0000000080080660                can_LengthToCode
 *fill*         0x00000000800806a1        0x3 00
 .rodata        0x00000000800806a4       0x24 D:/Projekte/UCU_AMOS/23_SW_Construction/23c_Application/Bsw/BSW_Lib.a(uIPMain.o)
 .rodata        0x00000000800806c8        0xc D:/Projekte/UCU_AMOS/23_SW_Construction/23c_Application/Bsw/BSW_Lib.a(Lin_Cfg.o)
                0x00000000800806c8                Lin_Channel
 .rodata        0x00000000800806d4       0x14 D:/Projekte/UCU_AMOS/23_SW_Construction/23c_Application/Bsw/BSW_Lib.a(Lin.o)
 .rodata        0x00000000800806e8       0x40 D:/Projekte/UCU_AMOS/23_SW_Construction/23c_Application/Bsw/BSW_Lib.a(Lin_Irq.o)
 .rodata        0x0000000080080728       0x5c D:/Projekte/UCU_AMOS/23_SW_Construction/23c_Application/Bsw/BSW_Lib.a(spi_sbc.o)
                0x0000000080080728                sbc_RegReadCmd_au16
 .rodata        0x0000000080080784       0x18 D:/Projekte/UCU_AMOS/23_SW_Construction/23c_Application/Bsw/BSW_Lib.a(rtc.o)
                0x0000000080080784                rtc_ti_DaysPerMonth_au16
 .rodata        0x000000008008079c       0x48 D:/Projekte/UCU_AMOS/23_SW_Construction/23c_Application/Bsw/BSW_Lib.a(Fee_Cfg.o)
                0x000000008008079c                feeConfig
 .rodata        0x00000000800807e4       0x18 D:/Projekte/UCU_AMOS/23_SW_Construction/23c_Application/Bsw/BSW_Lib.a(IfxCpu_cfg.o)
                0x00000000800807e4                IfxCpu_cfg_indexMap
 .rodata        0x00000000800807fc      0x7a0 D:/Projekte/UCU_AMOS/23_SW_Construction/23c_Application/Bsw/BSW_Lib.a(IfxFlash_cfg.o)
                0x00000000800807fc                IfxFlash_dFlashTableEepLog
                0x0000000080080afc                IfxFlash_dFlashTableHsmLog
                0x0000000080080b3c                IfxFlash_dFlashTableUcbLog
                0x0000000080080bbc                IfxFlash_pFlashTableLog
                0x0000000080080f1c                IfxFlash_pFlashTablePhys
 .rodata        0x0000000080080f9c      0x720 D:/Projekte/UCU_AMOS/23_SW_Construction/23c_Application/Bsw/BSW_Lib.a(IfxAsclin_PinMap.o)
                0x0000000080080f9c                IfxAsclin0_CTSA_P14_9_IN
                0x0000000080080fac                IfxAsclin1_CTSA_P20_7_IN
                0x0000000080080fbc                IfxAsclin1_CTSB_P32_4_IN
                0x0000000080080fcc                IfxAsclin2_CTSA_P10_7_IN
                0x0000000080080fdc                IfxAsclin2_CTSB_P33_5_IN
                0x0000000080080fec                IfxAsclin3_CTSA_P00_12_IN
                0x0000000080080ffc                IfxAsclin0_RTS_P14_7_OUT
                0x000000008008100c                IfxAsclin1_RTS_P20_6_OUT
                0x000000008008101c                IfxAsclin1_RTS_P23_1_OUT
                0x000000008008102c                IfxAsclin2_RTS_P10_8_OUT
                0x000000008008103c                IfxAsclin2_RTS_P33_4_OUT
                0x000000008008104c                IfxAsclin3_RTS_P00_9_OUT
                0x000000008008105c                IfxAsclin0_RXA_P14_1_IN
                0x000000008008106c                IfxAsclin0_RXB_P15_3_IN
                0x000000008008107c                IfxAsclin0_RXC_P01_8_IN
                0x000000008008108c                IfxAsclin0_RXD_P34_2_IN
                0x000000008008109c                IfxAsclin0_RXE_P13_11_IN
                0x00000000800810ac                IfxAsclin1_RXA_P15_1_IN
                0x00000000800810bc                IfxAsclin1_RXB_P15_5_IN
                0x00000000800810cc                IfxAsclin1_RXC_P20_9_IN
                0x00000000800810dc                IfxAsclin1_RXD_P14_8_IN
                0x00000000800810ec                IfxAsclin1_RXE_P11_10_IN
                0x00000000800810fc                IfxAsclin1_RXF_P33_13_IN
                0x000000008008110c                IfxAsclin1_RXG_P02_3_IN
                0x000000008008111c                IfxAsclin2_RXA_P14_3_IN
                0x000000008008112c                IfxAsclin2_RXB_P02_1_IN
                0x000000008008113c                IfxAsclin2_RXC_P02_10_IN
                0x000000008008114c                IfxAsclin2_RXD_P10_6_IN
                0x000000008008115c                IfxAsclin2_RXE_P33_8_IN
                0x000000008008116c                IfxAsclin2_RXF_P32_6_IN
                0x000000008008117c                IfxAsclin2_RXG_P02_0_IN
                0x000000008008118c                IfxAsclin3_RXA_P15_7_IN
                0x000000008008119c                IfxAsclin3_RXB_P11_0_IN
                0x00000000800811ac                IfxAsclin3_RXC_P20_3_IN
                0x00000000800811bc                IfxAsclin3_RXD_P32_2_IN
                0x00000000800811cc                IfxAsclin3_RXE_P00_1_IN
                0x00000000800811dc                IfxAsclin3_RXF_P21_6_IN
                0x00000000800811ec                IfxAsclin3_RXG_P21_2_IN
                0x00000000800811fc                IfxAsclin3_RXG_P21_3_IN
                0x000000008008120c                IfxAsclin3_RXH_P13_12_IN
                0x000000008008121c                IfxAsclin0_SCLK_P14_0_OUT
                0x000000008008122c                IfxAsclin0_SCLK_P15_2_OUT
                0x000000008008123c                IfxAsclin1_SCLK_P15_0_OUT
                0x000000008008124c                IfxAsclin1_SCLK_P20_10_OUT
                0x000000008008125c                IfxAsclin1_SCLK_P33_11_OUT
                0x000000008008126c                IfxAsclin1_SCLK_P33_12_OUT
                0x000000008008127c                IfxAsclin2_SCLK_P02_4_OUT
                0x000000008008128c                IfxAsclin2_SCLK_P10_6_OUT
                0x000000008008129c                IfxAsclin2_SCLK_P14_2_OUT
                0x00000000800812ac                IfxAsclin2_SCLK_P33_7_OUT
                0x00000000800812bc                IfxAsclin2_SCLK_P33_9_OUT
                0x00000000800812cc                IfxAsclin3_SCLK_P00_0_OUT
                0x00000000800812dc                IfxAsclin3_SCLK_P00_2_OUT
                0x00000000800812ec                IfxAsclin3_SCLK_P11_1_OUT
                0x00000000800812fc                IfxAsclin3_SCLK_P11_4_OUT
                0x000000008008130c                IfxAsclin3_SCLK_P15_6_OUT
                0x000000008008131c                IfxAsclin3_SCLK_P15_8_OUT
                0x000000008008132c                IfxAsclin3_SCLK_P20_0_OUT
                0x000000008008133c                IfxAsclin3_SCLK_P21_5_OUT
                0x000000008008134c                IfxAsclin3_SCLK_P21_7_OUT
                0x000000008008135c                IfxAsclin3_SCLK_P32_3_OUT
                0x000000008008136c                IfxAsclin3_SCLK_P33_2_OUT
                0x000000008008137c                IfxAsclin1_SLSO_P14_3_OUT
                0x000000008008138c                IfxAsclin1_SLSO_P20_8_OUT
                0x000000008008139c                IfxAsclin1_SLSO_P33_10_OUT
                0x00000000800813ac                IfxAsclin2_SLSO_P02_3_OUT
                0x00000000800813bc                IfxAsclin2_SLSO_P10_5_OUT
                0x00000000800813cc                IfxAsclin2_SLSO_P33_6_OUT
                0x00000000800813dc                IfxAsclin3_SLSO_P00_3_OUT
                0x00000000800813ec                IfxAsclin3_SLSO_P12_1_OUT
                0x00000000800813fc                IfxAsclin3_SLSO_P14_3_OUT
                0x000000008008140c                IfxAsclin3_SLSO_P21_2_OUT
                0x000000008008141c                IfxAsclin3_SLSO_P21_6_OUT
                0x000000008008142c                IfxAsclin3_SLSO_P33_1_OUT
                0x000000008008143c                IfxAsclin0_TX_P01_13_OUT
                0x000000008008144c                IfxAsclin0_TX_P13_10_OUT
                0x000000008008145c                IfxAsclin0_TX_P14_0_OUT
                0x000000008008146c                IfxAsclin0_TX_P14_1_OUT
                0x000000008008147c                IfxAsclin0_TX_P15_2_OUT
                0x000000008008148c                IfxAsclin0_TX_P15_3_OUT
                0x000000008008149c                IfxAsclin0_TX_P34_1_OUT
                0x00000000800814ac                IfxAsclin1_TX_P02_2_OUT
                0x00000000800814bc                IfxAsclin1_TX_P11_12_OUT
                0x00000000800814cc                IfxAsclin1_TX_P14_10_OUT
                0x00000000800814dc                IfxAsclin1_TX_P14_15_OUT
                0x00000000800814ec                IfxAsclin1_TX_P15_0_OUT
                0x00000000800814fc                IfxAsclin1_TX_P15_1_OUT
                0x000000008008150c                IfxAsclin1_TX_P15_4_OUT
                0x000000008008151c                IfxAsclin1_TX_P15_5_OUT
                0x000000008008152c                IfxAsclin1_TX_P20_10_OUT
                0x000000008008153c                IfxAsclin1_TX_P33_12_OUT
                0x000000008008154c                IfxAsclin1_TX_P33_13_OUT
                0x000000008008155c                IfxAsclin2_TX_P02_0_OUT
                0x000000008008156c                IfxAsclin2_TX_P02_9_OUT
                0x000000008008157c                IfxAsclin2_TX_P10_5_OUT
                0x000000008008158c                IfxAsclin2_TX_P14_2_OUT
                0x000000008008159c                IfxAsclin2_TX_P14_3_OUT
                0x00000000800815ac                IfxAsclin2_TX_P32_5_OUT
                0x00000000800815bc                IfxAsclin2_TX_P33_8_OUT
                0x00000000800815cc                IfxAsclin2_TX_P33_9_OUT
                0x00000000800815dc                IfxAsclin3_TX_P00_0_OUT
                0x00000000800815ec                IfxAsclin3_TX_P00_1_OUT
                0x00000000800815fc                IfxAsclin3_TX_P11_0_OUT
                0x000000008008160c                IfxAsclin3_TX_P11_1_OUT
                0x000000008008161c                IfxAsclin3_TX_P13_9_OUT
                0x000000008008162c                IfxAsclin3_TX_P15_6_OUT
                0x000000008008163c                IfxAsclin3_TX_P15_7_OUT
                0x000000008008164c                IfxAsclin3_TX_P20_0_OUT
                0x000000008008165c                IfxAsclin3_TX_P20_3_OUT
                0x000000008008166c                IfxAsclin3_TX_P21_7_OUT
                0x000000008008167c                IfxAsclin3_TX_P22_0_OUT
                0x000000008008168c                IfxAsclin3_TX_P22_1_OUT
                0x000000008008169c                IfxAsclin3_TX_P32_2_OUT
                0x00000000800816ac                IfxAsclin3_TX_P32_3_OUT
 .rodata        0x00000000800816bc      0x220 D:/Projekte/UCU_AMOS/23_SW_Construction/23c_Application/Bsw/BSW_Lib.a(IfxEth_PinMap.o)
                0x00000000800816bc                IfxEth_COL_P11_15_IN
                0x00000000800816cc                IfxEth_CRSA_P11_14_IN
                0x00000000800816dc                IfxEth_CRSB_P11_11_IN
                0x00000000800816ec                IfxEth_CRSDVA_P11_11_IN
                0x00000000800816fc                IfxEth_CRSDVB_P11_14_IN
                0x000000008008170c                IfxEth_MDC_P02_8_OUT
                0x000000008008171c                IfxEth_MDC_P12_0_OUT
                0x000000008008172c                IfxEth_MDC_P21_0_OUT
                0x000000008008173c                IfxEth_MDC_P21_2_OUT
                0x000000008008174c                IfxEth_MDIOA_P00_0_INOUT
                0x0000000080081760                IfxEth_MDIOC_P12_1_INOUT
                0x0000000080081774                IfxEth_MDIOD_P21_3_INOUT
                0x0000000080081788                IfxEth_MDIO_P21_1_INOUT
                0x000000008008179c                IfxEth_REFCLK_P11_12_IN
                0x00000000800817ac                IfxEth_RXCLKA_P11_12_IN
                0x00000000800817bc                IfxEth_RXCLKB_P11_4_IN
                0x00000000800817cc                IfxEth_RXCLKC_P12_0_IN
                0x00000000800817dc                IfxEth_RXD0_P11_10_IN
                0x00000000800817ec                IfxEth_RXD1_P11_9_IN
                0x00000000800817fc                IfxEth_RXD2_P11_8_IN
                0x000000008008180c                IfxEth_RXD3_P11_7_IN
                0x000000008008181c                IfxEth_RXDVA_P11_11_IN
                0x000000008008182c                IfxEth_RXDVB_P11_14_IN
                0x000000008008183c                IfxEth_RXERA_P11_13_IN
                0x000000008008184c                IfxEth_RXERB_P21_7_IN
                0x000000008008185c                IfxEth_TXCLKA_P11_5_IN
                0x000000008008186c                IfxEth_TXCLKB_P11_12_IN
                0x000000008008187c                IfxEth_TXD0_P11_3_OUT
                0x000000008008188c                IfxEth_TXD1_P11_2_OUT
                0x000000008008189c                IfxEth_TXD2_P11_1_OUT
                0x00000000800818ac                IfxEth_TXD3_P11_0_OUT
                0x00000000800818bc                IfxEth_TXEN_P11_6_OUT
                0x00000000800818cc                IfxEth_TXER_P11_4_OUT
 .rodata        0x00000000800818dc      0x550 D:/Projekte/UCU_AMOS/23_SW_Construction/23c_Application/Bsw/BSW_Lib.a(IfxMultican_PinMap.o)
                0x00000000800818dc                IfxCanr_RXD0A_P10_5_IN
                0x00000000800818f0                IfxCanr_RXD0B_P10_8_IN
                0x0000000080081904                IfxCanr_RXD0C_P34_2_IN
                0x0000000080081918                IfxCanr_RXD0D_P02_14_IN
                0x000000008008192c                IfxCanr_RXD0E_P01_8_IN
                0x0000000080081940                IfxCanr_RXD1A_P00_3_IN
                0x0000000080081954                IfxCanr_RXD1B_P13_12_IN
                0x0000000080081968                IfxCanr_RXD1C_P20_0_IN
                0x000000008008197c                IfxCanr_RXD1D_P32_2_IN
                0x0000000080081990                IfxCanr_RXD1E_P01_0_IN
                0x00000000800819a4                IfxMultican_RXD0A_P02_1_IN
                0x00000000800819b8                IfxMultican_RXD0B_P20_7_IN
                0x00000000800819cc                IfxMultican_RXD0C_P12_0_IN
                0x00000000800819e0                IfxMultican_RXD0D_P02_4_IN
                0x00000000800819f4                IfxMultican_RXD0E_P33_7_IN
                0x0000000080081a08                IfxMultican_RXD0F_P01_8_IN
                0x0000000080081a1c                IfxMultican_RXD0G_P34_2_IN
                0x0000000080081a30                IfxMultican_RXD0H_P02_14_IN
                0x0000000080081a44                IfxMultican_RXD1A_P15_3_IN
                0x0000000080081a58                IfxMultican_RXD1B_P14_1_IN
                0x0000000080081a6c                IfxMultican_RXD1C_P01_4_IN
                0x0000000080081a80                IfxMultican_RXD1D_P00_1_IN
                0x0000000080081a94                IfxMultican_RXD1E_P02_10_IN
                0x0000000080081aa8                IfxMultican_RXD2A_P15_1_IN
                0x0000000080081abc                IfxMultican_RXD2B_P02_3_IN
                0x0000000080081ad0                IfxMultican_RXD2C_P32_6_IN
                0x0000000080081ae4                IfxMultican_RXD2D_P14_8_IN
                0x0000000080081af8                IfxMultican_RXD2E_P10_2_IN
                0x0000000080081b0c                IfxMultican_RXD3A_P00_3_IN
                0x0000000080081b20                IfxMultican_RXD3B_P32_2_IN
                0x0000000080081b34                IfxMultican_RXD3C_P20_0_IN
                0x0000000080081b48                IfxMultican_RXD3D_P11_10_IN
                0x0000000080081b5c                IfxMultican_RXD3E_P20_9_IN
                0x0000000080081b70                IfxMultican_RXD3F_P01_0_IN
                0x0000000080081b84                IfxCanr_TXD0_P01_13_OUT
                0x0000000080081b98                IfxCanr_TXD0_P02_13_OUT
                0x0000000080081bac                IfxCanr_TXD0_P10_6_OUT
                0x0000000080081bc0                IfxCanr_TXD0_P10_7_OUT
                0x0000000080081bd4                IfxCanr_TXD0_P34_1_OUT
                0x0000000080081be8                IfxCanr_TXD1_P00_2_OUT
                0x0000000080081bfc                IfxCanr_TXD1_P01_2_OUT
                0x0000000080081c10                IfxCanr_TXD1_P13_9_OUT
                0x0000000080081c24                IfxCanr_TXD1_P20_3_OUT
                0x0000000080081c38                IfxCanr_TXD1_P32_3_OUT
                0x0000000080081c4c                IfxMultican_TXD0_P01_13_OUT
                0x0000000080081c60                IfxMultican_TXD0_P02_0_OUT
                0x0000000080081c74                IfxMultican_TXD0_P02_13_OUT
                0x0000000080081c88                IfxMultican_TXD0_P02_5_OUT
                0x0000000080081c9c                IfxMultican_TXD0_P12_1_OUT
                0x0000000080081cb0                IfxMultican_TXD0_P20_8_OUT
                0x0000000080081cc4                IfxMultican_TXD0_P33_8_OUT
                0x0000000080081cd8                IfxMultican_TXD0_P34_1_OUT
                0x0000000080081cec                IfxMultican_TXD1_P00_0_OUT
                0x0000000080081d00                IfxMultican_TXD1_P01_3_OUT
                0x0000000080081d14                IfxMultican_TXD1_P02_9_OUT
                0x0000000080081d28                IfxMultican_TXD1_P14_0_OUT
                0x0000000080081d3c                IfxMultican_TXD1_P15_2_OUT
                0x0000000080081d50                IfxMultican_TXD2_P02_2_OUT
                0x0000000080081d64                IfxMultican_TXD2_P10_3_OUT
                0x0000000080081d78                IfxMultican_TXD2_P14_10_OUT
                0x0000000080081d8c                IfxMultican_TXD2_P15_0_OUT
                0x0000000080081da0                IfxMultican_TXD2_P32_5_OUT
                0x0000000080081db4                IfxMultican_TXD3_P00_2_OUT
                0x0000000080081dc8                IfxMultican_TXD3_P01_2_OUT
                0x0000000080081ddc                IfxMultican_TXD3_P11_12_OUT
                0x0000000080081df0                IfxMultican_TXD3_P20_10_OUT
                0x0000000080081e04                IfxMultican_TXD3_P20_3_OUT
                0x0000000080081e18                IfxMultican_TXD3_P32_3_OUT
 .rodata        0x0000000080081e2c       0x54 D:/Projekte/UCU_AMOS/23_SW_Construction/23c_Application/Bsw/BSW_Lib.a(IfxEth.o)
 .rodata        0x0000000080081e80       0x2c D:/Projekte/UCU_AMOS/23_SW_Construction/23c_Application/Bsw/BSW_Lib.a(LinTrcv_Cfg.o)
                0x0000000080081e80                LinTrcvDioAccess
                0x0000000080081e90                LinTrcvInfo
 .rodata        0x0000000080081eac      0x400 D:/Projekte/UCU_AMOS/23_SW_Construction/23c_Application/Bsw/BSW_Lib.a(crc32.o)
 .rodata        0x00000000800822ac       0x20 D:/Projekte/UCU_AMOS/23_SW_Construction/23c_Application/Bsw/BSW_Lib.a(IfxAsclin_cfg.o)
                0x00000000800822ac                IfxAsclin_cfg_indexMap
 .rodata        0x00000000800822cc       0x10 D:/Projekte/UCU_AMOS/23_SW_Construction/23c_Application/Bsw/BSW_Lib.a(IfxMultican_cfg.o)
                0x00000000800822cc                IfxMultican_cfg_indexMap
 .rodata        0x00000000800822dc      0x150 D:/Projekte/UCU_AMOS/23_SW_Construction/23c_Application/Bsw/BSW_Lib.a(IfxPort_cfg.o)
                0x00000000800822dc                IfxPort_cfg_esrMasks
                0x0000000080082384                IfxPort_cfg_indexMap
 *(.rodata.*)
 *(.gnu.linkonce.r.*)
                0x000000008008242c                . = ALIGN (0x4)
                0x000000008008242c                PROVIDE (__clear_table, .)
                0x000000008008242c        0x4 LONG 0x50000000 (0x0 + ADDR (.CPU2.zbss))
                0x0000000080082430        0x4 LONG 0x0 SIZEOF (.CPU2.zbss)
                0x0000000080082434        0x4 LONG 0x50000000 (0x0 + ADDR (.CPU2.bss))
                0x0000000080082438        0x4 LONG 0x0 SIZEOF (.CPU2.bss)
                0x000000008008243c        0x4 LONG 0x60000000 (0x0 + ADDR (.CPU1.zbss))
                0x0000000080082440        0x4 LONG 0x0 SIZEOF (.CPU1.zbss)
                0x0000000080082444        0x4 LONG 0x60033678 (0x0 + ADDR (.CPU1.bss))
                0x0000000080082448        0x4 LONG 0x0 SIZEOF (.CPU1.bss)
                0x000000008008244c        0x4 LONG 0x70000000 (0x0 + ADDR (.CPU0.zbss))
                0x0000000080082450        0x4 LONG 0x0 SIZEOF (.CPU0.zbss)
                0x0000000080082454        0x4 LONG 0x70000000 (0x0 + ADDR (.CPU0.bss))
                0x0000000080082458        0x4 LONG 0x0 SIZEOF (.CPU0.bss)
                0x000000008008245c        0x4 LONG 0x60000000 (0x0 + ADDR (.zbss))
                0x0000000080082460        0x4 LONG 0x0 SIZEOF (.zbss)
                0x0000000080082464        0x4 LONG 0x60000000 (0x0 + ADDR (.sbss))
                0x0000000080082468        0x4 LONG 0x0 SIZEOF (.sbss)
                0x000000008008246c        0x4 LONG 0x60000100 (0x0 + ADDR (.bss))
                0x0000000080082470        0x4 LONG 0x32578 SIZEOF (.bss)
                0x0000000080082474        0x4 LONG 0x90000000 (0x0 + ADDR (.sbss4))
                0x0000000080082478        0x4 LONG 0x0 SIZEOF (.sbss4)
                0x000000008008247c        0x4 LONG 0xbf000000 (0x0 + ADDR (.bss_emem))
                0x0000000080082480        0x4 LONG 0x0 SIZEOF (.bss_emem)
                0x0000000080082484        0x4 LONG 0xbf200000 (0x0 + ADDR (.bss_emem_xtm))
                0x0000000080082488        0x4 LONG 0x0 SIZEOF (.bss_emem_xtm)
                0x000000008008248c        0x4 LONG 0xffffffffffffffff
                0x0000000080082490        0x4 LONG 0xffffffffffffffff
                0x0000000080082494                PROVIDE (__copy_table, .)
                0x0000000080082494        0x4 LONG 0x801f6200 LOADADDR (.CPU2.zdata)
                0x0000000080082498        0x4 LONG 0x50000000 (0x0 + ADDR (.CPU2.zdata))
                0x000000008008249c        0x4 LONG 0x0 SIZEOF (.CPU2.zdata)
                0x00000000800824a0        0x4 LONG 0x801f62d8 LOADADDR (.CPU2.data)
                0x00000000800824a4        0x4 LONG 0x50000000 (0x0 + ADDR (.CPU2.data))
                0x00000000800824a8        0x4 LONG 0x0 SIZEOF (.CPU2.data)
                0x00000000800824ac        0x4 LONG 0x801f6200 LOADADDR (.CPU1.zdata)
                0x00000000800824b0        0x4 LONG 0x60000000 (0x0 + ADDR (.CPU1.zdata))
                0x00000000800824b4        0x4 LONG 0x0 SIZEOF (.CPU1.zdata)
                0x00000000800824b8        0x4 LONG 0x801f62d8 LOADADDR (.CPU1.data)
                0x00000000800824bc        0x4 LONG 0x60033678 (0x0 + ADDR (.CPU1.data))
                0x00000000800824c0        0x4 LONG 0x0 SIZEOF (.CPU1.data)
                0x00000000800824c4        0x4 LONG 0x801f6200 LOADADDR (.CPU0.zdata)
                0x00000000800824c8        0x4 LONG 0x70000000 (0x0 + ADDR (.CPU0.zdata))
                0x00000000800824cc        0x4 LONG 0x0 SIZEOF (.CPU0.zdata)
                0x00000000800824d0        0x4 LONG 0x801f62d8 LOADADDR (.CPU0.data)
                0x00000000800824d4        0x4 LONG 0x70000000 (0x0 + ADDR (.CPU0.data))
                0x00000000800824d8        0x4 LONG 0x0 SIZEOF (.CPU0.data)
                0x00000000800824dc        0x4 LONG 0x801f6200 LOADADDR (.zdata)
                0x00000000800824e0        0x4 LONG 0x60000000 (0x0 + ADDR (.zdata))
                0x00000000800824e4        0x4 LONG 0x0 SIZEOF (.zdata)
                0x00000000800824e8        0x4 LONG 0x801f6200 LOADADDR (.sdata)
                0x00000000800824ec        0x4 LONG 0x60000000 (0x0 + ADDR (.sdata))
                0x00000000800824f0        0x4 LONG 0x0 SIZEOF (.sdata)
                0x00000000800824f4        0x4 LONG 0x801f6200 LOADADDR (.data)
                0x00000000800824f8        0x4 LONG 0x60000000 (0x0 + ADDR (.data))
                0x00000000800824fc        0x4 LONG 0xd8 SIZEOF (.data)
                0x0000000080082500        0x4 LONG 0x801f62d8 LOADADDR (.data_emem)
                0x0000000080082504        0x4 LONG 0xbf000000 (0x0 + ADDR (.data_emem))
                0x0000000080082508        0x4 LONG 0x0 SIZEOF (.data_emem)
                0x000000008008250c        0x4 LONG 0x801f62d8 LOADADDR (.data_lmu)
                0x0000000080082510        0x4 LONG 0x90000000 (0x0 + ADDR (.data_lmu))
                0x0000000080082514        0x4 LONG 0x0 SIZEOF (.data_lmu)
                0x0000000080082518        0x4 LONG 0xb0000000 LOADADDR (.data_lmu_share)
                0x000000008008251c        0x4 LONG 0xb0000000 (0x0 + ADDR (.data_lmu_share))
                0x0000000080082520        0x4 LONG 0x64 SIZEOF (.data_lmu_share)
                0x0000000080082524        0x4 LONG 0x801f62d8 LOADADDR (.data_emem_xtm)
                0x0000000080082528        0x4 LONG 0xbf200000 (0x0 + ADDR (.data_emem_xtm))
                0x000000008008252c        0x4 LONG 0x0 SIZEOF (.data_emem_xtm)
                0x0000000080082530        0x4 LONG 0x801f62d8 LOADADDR (.sdata4)
                0x0000000080082534        0x4 LONG 0x90000000 (0x0 + ADDR (.sdata4))
                0x0000000080082538        0x4 LONG 0x0 SIZEOF (.sdata4)
                0x000000008008253c        0x4 LONG 0x801f62d8 LOADADDR (.CPU0.psram_text)
                0x0000000080082540        0x4 LONG 0x70100000 (0x0 + ADDR (.CPU0.psram_text))
                0x0000000080082544        0x4 LONG 0x0 SIZEOF (.CPU0.psram_text)
                0x0000000080082548        0x4 LONG 0x801f62d8 LOADADDR (.CPU1.psram_text)
                0x000000008008254c        0x4 LONG 0x60100000 (0x0 + ADDR (.CPU1.psram_text))
                0x0000000080082550        0x4 LONG 0x0 SIZEOF (.CPU1.psram_text)
                0x0000000080082554        0x4 LONG 0x801f62d8 LOADADDR (.CPU2.psram_text)
                0x0000000080082558        0x4 LONG 0x50100000 (0x0 + ADDR (.CPU2.psram_text))
                0x000000008008255c        0x4 LONG 0x0 SIZEOF (.CPU2.psram_text)
                0x0000000080082560        0x4 LONG 0xffffffffffffffff
                0x0000000080082564        0x4 LONG 0xffffffffffffffff
                0x0000000080082568        0x4 LONG 0xffffffffffffffff
                0x0000000080082570                . = ALIGN (0x8)
 *fill*         0x000000008008256c        0x4 00

.text           memory region -> pfls0
                0x0000000080082570    0x2f22c
 *(.text)
 .text          0x0000000080082570      0x624 D:/Projekte/UCU_AMOS/23_SW_Construction/23c_Application/tmp\IfxCpu_Trap.o
                0x0000000080082570                IfxCpu_Trap_memoryManagementError
                0x00000000800825ea                IfxCpu_Trap_internalProtectionError
                0x0000000080082664                IfxCpu_Trap_instructionError
                0x00000000800826de                IfxCpu_Trap_contextManagementError
                0x0000000080082758                IfxCpu_Trap_busError
                0x00000000800827d2                IfxCpu_Trap_assertion
                0x000000008008284c                IfxCpu_Trap_systemCall_Cpu0
                0x00000000800828c4                IfxCpu_Trap_systemCall_Cpu1
                0x000000008008293c                IfxCpu_Trap_systemCall_Cpu2
                0x00000000800829b4                IfxCpu_Trap_systemCall_Cpu3
                0x0000000080082a2c                IfxCpu_Trap_systemCall_Cpu4
                0x0000000080082aa4                IfxCpu_Trap_systemCall_Cpu5
                0x0000000080082b1c                IfxCpu_Trap_nonMaskableInterrupt
 .text          0x0000000080082b94      0x298 D:/Projekte/UCU_AMOS/23_SW_Construction/23c_Application/tmp\IfxCpu_CStart0.o
                0x0000000080082b94                _Core0_start
 .text          0x0000000080082e2c      0x24c D:/Projekte/UCU_AMOS/23_SW_Construction/23c_Application/tmp\IfxCpu_CStart1.o
                0x0000000080082e2c                _Core1_start
 .text          0x0000000080083078      0x24c D:/Projekte/UCU_AMOS/23_SW_Construction/23c_Application/tmp\IfxCpu_CStart2.o
                0x0000000080083078                _Core2_start
 .text          0x00000000800832c4       0x68 D:/Projekte/UCU_AMOS/23_SW_Construction/23c_Application/tmp\IsrCoreMapping.o
                0x00000000800832c4                ISR_FastTask
                0x00000000800832fc                ISR_LIN1_RX
                0x0000000080083308                ISR_LIN1_TX
                0x0000000080083314                ISR_LIN1_EX
                0x0000000080083320                ISR_DaqSw_Fast
 .text          0x000000008008332c       0x26 D:/Projekte/UCU_AMOS/23_SW_Construction/23c_Application/Bsw/BSW_Lib.a(Cpu2_Main.o)
                0x000000008008332c                core2_main
 .text          0x0000000080083352       0x24 D:/Projekte/UCU_AMOS/23_SW_Construction/23c_Application/Bsw/BSW_Lib.a(Cpu1_Main.o)
                0x0000000080083352                core1_main
 *fill*         0x0000000080083376        0x2 00
 .text          0x0000000080083378      0x468 D:/Projekte/UCU_AMOS/23_SW_Construction/23c_Application/Bsw/BSW_Lib.a(Cpu0_Os_Main.o)
                0x0000000080083378                GetTimebaseTime
                0x000000008008345c                MAIN_ISR_FastTask_C0
                0x0000000080083468                MAIN_Init_C0
                0x00000000800835a6                MAIN_Task_100ms_C0
                0x00000000800835b2                MAIN_Task_10ms_C0
                0x000000008008369e                MAIN_Task_1ms_C0
                0x00000000800836cc                MAIN_Task_Idle_C0
                0x00000000800836ec                MAIN_Error_C0
                0x0000000080083700                MAIN_FlashProgrammingAllowed_C0
                0x0000000080083708                MAIN_Reset_C0
                0x000000008008375e                MAIN_Set_Led
 .text          0x00000000800837e0       0x14 D:/Projekte/UCU_AMOS/23_SW_Construction/23c_Application/Bsw/BSW_Lib.a(Cpu0_Main.o)
                0x00000000800837e0                core0_main
 .text          0x00000000800837f4      0x1be D:/Projekte/UCU_AMOS/23_SW_Construction/23c_Application/Bsw/BSW_Lib.a(datLifeTimeBsw.o)
                0x00000000800837f4                DatLfBsw_Init
                0x000000008008383c                DatLfBsw_SetInitValues
                0x00000000800838ba                DatLfBsw_ReadDataFromNvM
                0x0000000080083926                DatLfBsw_WriteDataToNvM
 .text          0x00000000800839b2     0x10ba D:/Projekte/UCU_AMOS/23_SW_Construction/23c_Application/Bsw/BSW_Lib.a(os.o)
                0x00000000800839b2                OS_Time
                0x00000000800839cc                OS_Time_Core
                0x0000000080083a24                OS_Time_us
                0x0000000080083a2c                OS_Wait
                0x0000000080083a5e                OS_DisableInterrupts
                0x0000000080083a62                OS_EnableInterrupts
                0x0000000080083a66                OS_Reset
                0x0000000080083ba8                __OS_CallTask_OS_TASK_100MS
                0x0000000080083d14                __OS_CallTask_OS_TASK_10MS
                0x0000000080083e84                __OS_CallTask_OS_TASK_1MS
                0x0000000080083ff4                __OS_CallTask_OS_TASK_IDLE
                0x00000000800844b8                OS_Main
                0x00000000800848fe                OS_GetCoreID
                0x000000008008492c                OS_Call_Error_Fct
                0x0000000080084990                OS_Call_Task_Fct_1ms
                0x00000000800849bc                OS_Call_Task_Fct_10ms
                0x00000000800849e8                OS_Call_Task_Fct_100ms
                0x0000000080084a14                OS_Call_Task_Fct_Idle
                0x0000000080084a40                OS_Call_Init_Fct
 .text          0x0000000080084a6c      0x8f8 D:/Projekte/UCU_AMOS/23_SW_Construction/23c_Application/Bsw/BSW_Lib.a(EcuM.o)
                0x0000000080084a6c                EcuM_Init
                0x0000000080084a9a                EcuM_MainFunction
                0x000000008008526c                EcuM_RequestWriteNvM
                0x000000008008527e                EcuM_Shutdown
                0x0000000080085290                EcuM_RequestRUN
                0x00000000800852aa                EcuM_ReleaseRUN
                0x00000000800852c4                EcuM_GetState
                0x00000000800852d6                EcuM_SetWakeupEvent
                0x00000000800852e0                EcuM_RequestRUN_Core_C1_C2
 .text          0x0000000080085364      0x140 D:/Projekte/UCU_AMOS/23_SW_Construction/23c_Application/Bsw/BSW_Lib.a(Cpu2_Os_Main.o)
                0x0000000080085364                GetTimebaseTime_C2
                0x00000000800853fc                MAIN_ISR_FastTask_C2
                0x0000000080085400                MAIN_Init_C2
                0x0000000080085410                MAIN_Task_100ms_C2
                0x000000008008541a                MAIN_Task_10ms_C2
                0x0000000080085424                MAIN_Task_1ms_C2
                0x000000008008542c                MAIN_Task_Idle_C2
                0x0000000080085430                MAIN_Error_C2
                0x0000000080085444                MAIN_C2_FlashProgrammingAllowed
                0x000000008008544c                MAIN_Reset_C2
 .text          0x00000000800854a4      0x1a6 D:/Projekte/UCU_AMOS/23_SW_Construction/23c_Application/Bsw/BSW_Lib.a(CompilerGnuc.o)
                0x00000000800854a4                Ifx_C_Init
 .text          0x000000008008564a     0x2092 D:/Projekte/UCU_AMOS/23_SW_Construction/23c_Application/Bsw/BSW_Lib.a(Com.o)
                0x0000000080085ade                Com_RxIndication
                0x0000000080086c84                Com_Init
                0x00000000800872bc                Com_TxConfirmation
                0x00000000800872ce                Com_TriggerTransmit
                0x00000000800875de                Com_MainFunctionRx
                0x00000000800876d8                Com_MainFunctionTx
 .text          0x00000000800876dc      0xa94 D:/Projekte/UCU_AMOS/23_SW_Construction/23c_Application/Bsw/BSW_Lib.a(LinIf.o)
                0x000000008008773e                LinIf_Init
                0x00000000800877e6                LinIf_GotoSleep
                0x0000000080087824                LinIf_Wakeup
                0x0000000080087862                LinIf_SetTrcvMode
                0x000000008008815c                LinIf_MainFunction_0
                0x0000000080088166                LinIf_WakeupConfirmation
 .text          0x0000000080088170      0x150 D:/Projekte/UCU_AMOS/23_SW_Construction/23c_Application/Bsw/BSW_Lib.a(LinSM.o)
                0x0000000080088170                LinSM_Init
                0x00000000800881a8                LinSM_RequestComMode
                0x000000008008820c                LinSM_GetCurrentComMode
                0x0000000080088244                LinSM_GotoSleepConfirmation
                0x0000000080088280                LinSM_WakeupConfirmation
                0x00000000800882bc                LinSM_MainFunction
 .text          0x00000000800882c0      0x4d4 D:/Projekte/UCU_AMOS/23_SW_Construction/23c_Application/Bsw/BSW_Lib.a(xcp_app.o)
                0x00000000800882c0                XCP_ApplInit
                0x00000000800882d2                XCP_ApplTask_1ms
                0x00000000800882d6                XCP_ApplProgramStart
                0x00000000800882ea                XCP_ApplProgramPrepare
                0x000000008008830c                XCP_ApplProgramErase
                0x000000008008831e                XCP_ApplProgram
                0x0000000080088334                XCP_ApplProgramEnd
                0x000000008008834a                XCP_ApplReset
                0x0000000080088356                XCP_ApplMemMapAddress
                0x000000008008836c                XCP_ApplMemIsBusy
                0x000000008008837a                XCP_ApplMemWrite
                0x0000000080088466                XCP_ApplMemRead
                0x0000000080088538                XCP_ApplMemReadFast
                0x0000000080088650                XCP_ApplGetTimestamp
                0x000000008008865c                XCP_ApplMemIsReadable
                0x000000008008870c                XCP_ApplMemIsWriteable
                0x000000008008872a                XCP_ApplSetCalPage
                0x0000000080088744                XCP_ApplGetCalPage
                0x0000000080088750                XCP_ApplCopyCalPage
                0x0000000080088776                XCP_ApplCopyCalPageAllowed
                0x000000008008878c                XCP_ApplDisableInterrupts
                0x0000000080088790                XCP_ApplEnableInterrupts
 .text          0x0000000080088794      0x278 D:/Projekte/UCU_AMOS/23_SW_Construction/23c_Application/Bsw/BSW_Lib.a(XcpIf.o)
                0x0000000080088794                XcpIf_Init
                0x00000000800887e0                XcpIf_Idle
                0x0000000080088804                XcpIf_CanIdle
                0x00000000800888de                XcpIf_LinIdle
                0x00000000800888e2                XcpIf_EthIdle
                0x00000000800889d4                XcpIf_SetInterface
                0x00000000800889fa                XcpIf_GetInterface
 .text          0x0000000080088a0c     0x25e8 D:/Projekte/UCU_AMOS/23_SW_Construction/23c_Application/Bsw/BSW_Lib.a(xcp.o)
                0x00000000800896a0                XCP_MakeCRC
                0x0000000080089718                XCP_UpdateCRC
                0x000000008008a4ac                XCP_InitWithInterface
                0x000000008008a4f4                XCP_Init
                0x000000008008a536                XCP_SetInterface
                0x000000008008a550                XCP_GetInterface
                0x000000008008a562                XCP_Write
                0x000000008008a5b4                XCP_Read
                0x000000008008a628                XCP_HasData
                0x000000008008a65a                XCP_Idle
                0x000000008008a794                XCP_Daq
                0x000000008008aa82                XCP_DaqFiFo
                0x000000008008adbc                XCP_IsConnected
                0x000000008008adce                XCP_EnableSwIsrDaq
                0x000000008008ae2a                XCP_DaqSw_Fast
                0x000000008008aed6                XCP_DaqSw_1ms
                0x000000008008aeda                XCP_DaqSw_10ms
                0x000000008008aede                XCP_DaqSw_100ms
                0x000000008008aee2                XCP_DaqSw_1s
                0x000000008008aee6                XCP_DaqTrigger
                0x000000008008afb4                XCP_SetEcuIdentString
 .text          0x000000008008aff4       0xf8 D:/Projekte/UCU_AMOS/23_SW_Construction/23c_Application/Bsw/BSW_Lib.a(Dts.o)
                0x000000008008aff4                Dts_Read
                0x000000008008b006                Dts_Init
                0x000000008008b02c                Dts_MainFunction
 .text          0x000000008008b0ec      0x2e0 D:/Projekte/UCU_AMOS/23_SW_Construction/23c_Application/Bsw/BSW_Lib.a(system.o)
                0x000000008008b0ec                Sys_Init
                0x000000008008b21a                Sys_MainFunction
                0x000000008008b380                Sys_GetSpbFrequency
                0x000000008008b392                Sys_GetHwRevision
                0x000000008008b3a6                Sys_GetHwVariante
                0x000000008008b3ba                Sys_GetInfo
 .text          0x000000008008b3cc      0x200 D:/Projekte/UCU_AMOS/23_SW_Construction/23c_Application/Bsw/BSW_Lib.a(GdbNtc.o)
                0x000000008008b452                look1_iflf_binlcpw
                0x000000008008b5b0                GdbNtc_GetTemperature
 .text          0x000000008008b5cc      0x75a D:/Projekte/UCU_AMOS/23_SW_Construction/23c_Application/Bsw/BSW_Lib.a(nvm.o)
                0x000000008008b5cc                NvM_Init
                0x000000008008b62a                NvM_MainFunction
                0x000000008008b794                NvM_ReadBlock
                0x000000008008b8b8                NvM_ReadBlockHistory
                0x000000008008b9dc                NvM_WriteBlock
                0x000000008008bbba                NvM_GetErrorStatus
                0x000000008008bbca                NvM_RestoreBlockDefaults
                0x000000008008bbde                NvM_EraseNvBlock
                0x000000008008bbee                NvM_InvalidateNvBlock
                0x000000008008bbfe                NvM_ReadAll
                0x000000008008bc3c                NvM_WriteAll
                0x000000008008bca6                NvM_IsIdle
                0x000000008008bcb8                NvM_IsBlockValid
 .text          0x000000008008bd26      0x672 D:/Projekte/UCU_AMOS/23_SW_Construction/23c_Application/Bsw/BSW_Lib.a(IfxCpu.o)
                0x000000008008bd26                IfxCpu_acquireMutex
                0x000000008008bda2                IfxCpu_getCoreMode
                0x000000008008be76                IfxCpu_getIndex
                0x000000008008bede                IfxCpu_getRandomValue
                0x000000008008bf54                IfxCpu_getRandomValueWithinRange
                0x000000008008bfc8                IfxCpu_releaseMutex
                0x000000008008bfdc                IfxCpu_resetSpinLock
                0x000000008008bff0                IfxCpu_setCoreMode
                0x000000008008c122                IfxCpu_setProgramCounter
                0x000000008008c1bc                IfxCpu_setSpinLock
                0x000000008008c254                IfxCpu_startCore
                0x000000008008c2ac                IfxCpu_waitEvent
                0x000000008008c36a                IfxCpu_emitEvent
 .text          0x000000008008c398      0x2da D:/Projekte/UCU_AMOS/23_SW_Construction/23c_Application/Bsw/BSW_Lib.a(IfxEth_Phy_Tja1100.o)
                0x000000008008c398                IfxEth_Phy_Tja1100_IsPhyOn
                0x000000008008c3c8                IfxEth_Phy_Tja1100_SleepReq
                0x000000008008c3da                IfxEth_Phy_Tja1100_init
                0x000000008008c588                IfxEth_Phy_Tja1100_link
                0x000000008008c5c6                IfxEth_Phy_Tja1100_read_mdio_reg
                0x000000008008c61e                IfxEth_Phy_Tja1100_write_mdio_reg
 *fill*         0x000000008008c672        0x2 00
 .text          0x000000008008c674     0x20e8 D:/Projekte/UCU_AMOS/23_SW_Construction/23c_Application/Bsw/BSW_Lib.a(IfxScuCcu.o)
                0x000000008008c674                IfxScuCcu_calculateSysPllDividers
                0x000000008008c982                IfxScuCcu_getBaud1Frequency
                0x000000008008c9c8                IfxScuCcu_getBaud2Frequency
                0x000000008008ca0e                IfxScuCcu_getBbbFrequency
                0x000000008008caec                IfxScuCcu_getCpuFrequency
                0x000000008008cb78                IfxScuCcu_getFsi2Frequency
                0x000000008008cbea                IfxScuCcu_getFsiFrequency
                0x000000008008cc5c                IfxScuCcu_getMaxFrequency
                0x000000008008cd3a                IfxScuCcu_getModuleFrequency
                0x000000008008cdce                IfxScuCcu_getOsc0Frequency
                0x000000008008cde4                IfxScuCcu_getOscFrequency
                0x000000008008ce46                IfxScuCcu_getPllErayFrequency
                0x000000008008cf04                IfxScuCcu_getPllErayVcoFrequency
                0x000000008008cf76                IfxScuCcu_getPllFrequency
                0x000000008008d048                IfxScuCcu_getPllVcoFrequency
                0x000000008008d0ba                IfxScuCcu_getSourceFrequency
                0x000000008008d100                IfxScuCcu_getSpbFrequency
                0x000000008008d1e4                IfxScuCcu_getSriFrequency
                0x000000008008d2c4                IfxScuCcu_init
                0x000000008008da12                IfxScuCcu_initConfig
                0x000000008008da3c                IfxScuCcu_initErayPll
                0x000000008008dd48                IfxScuCcu_initErayPllConfig
                0x000000008008de98                IfxScuCcu_setCpuFrequency
                0x000000008008df6e                IfxScuCcu_setGtmFrequency
                0x000000008008e0cc                IfxScuCcu_setPll2ErayFrequency
                0x000000008008e16c                IfxScuCcu_setPll2Frequency
                0x000000008008e20c                IfxScuCcu_setSpbFrequency
                0x000000008008e38e                IfxScuCcu_setSriFrequency
                0x000000008008e4f4                IfxScuCcu_switchToBackupClock
 .text          0x000000008008e75c     0x11f6 D:/Projekte/UCU_AMOS/23_SW_Construction/23c_Application/Bsw/BSW_Lib.a(IfxScuWdt.o)
                0x000000008008e75c                IfxScuWdt_changeCpuWatchdogPassword
                0x000000008008e850                IfxScuWdt_changeCpuWatchdogReload
                0x000000008008e93c                IfxScuWdt_changeSafetyWatchdogPassword
                0x000000008008ea14                IfxScuWdt_changeSafetyWatchdogReload
                0x000000008008eadc                IfxScuWdt_clearCpuEndinit
                0x000000008008eb8c                IfxScuWdt_clearSafetyEndinit
                0x000000008008ec28                IfxScuWdt_disableCpuWatchdog
                0x000000008008ed7c                IfxScuWdt_disableSafetyWatchdog
                0x000000008008eeba                IfxScuWdt_enableCpuWatchdog
                0x000000008008f00e                IfxScuWdt_enableSafetyWatchdog
                0x000000008008f14c                IfxScuWdt_getCpuWatchdogPassword
                0x000000008008f1a6                IfxScuWdt_getCpuWatchdogEndInit
                0x000000008008f1e2                IfxScuWdt_getSafetyWatchdogPassword
                0x000000008008f220                IfxScuWdt_initConfig
                0x000000008008f288                IfxScuWdt_initCpuWatchdog
                0x000000008008f4a6                IfxScuWdt_initSafetyWatchdog
                0x000000008008f6de                IfxScuWdt_serviceCpuWatchdog
                0x000000008008f6f4                IfxScuWdt_serviceSafetyWatchdog
                0x000000008008f70a                IfxScuWdt_setCpuEndinit
                0x000000008008f7b8                IfxScuWdt_setSafetyEndinit
                0x000000008008f852                IfxScuWdt_enableWatchdogWithDebugger
 *fill*         0x000000008008f952        0x2 00
 .text          0x000000008008f954     0x3ea4 D:/Projekte/UCU_AMOS/23_SW_Construction/23c_Application/Bsw/BSW_Lib.a(can.o)
                0x000000008008f954                can_getCanBusIndex
                0x000000008008f9d0                Init_Can
                0x00000000800901e6                CanEmpfangskanalAnmelden
                0x0000000080090334                CanSendekanalAnmelden
                0x0000000080090394                CanEmpfangskanalAnmelden_FCC3
                0x0000000080090566                CanEmpfangen
                0x000000008009064c                CanSendenDisable
                0x0000000080090684                Can_SendEnable
                0x00000000800906b4                Can_SendGatewayEnable
                0x00000000800906e4                Can_SendMsg_idx
                0x00000000800907d6                Can_SendMsg
                0x0000000080090844                CanSenden
                0x0000000080090900                CanSendenFd
                0x0000000080090980                Can_GetMsgRxCounter
                0x00000000800909aa                Can_GetMsgRxCounterAll
                0x00000000800909f4                Can_ReadErrorInfos
                0x0000000080091554                Can_SendCallback
                0x0000000080091b2c                Can_ReadCallback
                0x0000000080091dd6                Can_Idle
                0x0000000080091ea8                CanFehlerbehandlung
                0x0000000080092266                Can_TaskInitTest
                0x000000008009226a                Can_Task_1ms
                0x000000008009304c                Can_MsgObj_sendLongFrame
                0x00000000800933d8                Can_MsgObj_sendMessage
                0x0000000080093530                Can_MsgObj_readLongFrame
 .text          0x00000000800937f8     0x18c4 D:/Projekte/UCU_AMOS/23_SW_Construction/23c_Application/Bsw/BSW_Lib.a(dio.o)
                0x00000000800937f8                HW_DIO_InitSync
                0x0000000080093854                HW_DIO_InitOutput
                0x000000008009446e                HW_DIO_InitInput
                0x0000000080094f4c                HW_DIO_SetSync
                0x0000000080095010                HW_DIO_GetSync
 .text          0x00000000800950bc      0xd40 D:/Projekte/UCU_AMOS/23_SW_Construction/23c_Application/Bsw/BSW_Lib.a(uIPMain.o)
                0x00000000800950bc                uIP_SleepReqest
                0x0000000080095112                uIPInit
                0x000000008009555a                uIPDeInit
                0x00000000800955ac                ETH_XcpWrite
                0x0000000080095678                ETH_XcpClear
                0x000000008009567c                ETH_XcpRead
                0x0000000080095724                uIPHandle
                0x00000000800959a0                udp_appcall
                0x0000000080095cf6                httpd_appcall
                0x0000000080095cfa                eth_receive
                0x0000000080095d86                eth_send
 .text          0x0000000080095dfc      0x3de D:/Projekte/UCU_AMOS/23_SW_Construction/23c_Application/Bsw/BSW_Lib.a(fifo_eth.o)
                0x0000000080095dfc                FiFo_eth_Init
                0x0000000080095e28                FiFo_eth_GetCount
                0x0000000080095e80                FiFo_eth_Add
                0x0000000080095f46                FiFo_eth_Add_GetDataBuffer
                0x0000000080095fbc                FiFo_eth_Add_SaveDataBuffer
                0x000000008009601a                FiFo_eth_GetTimeStampNextRead
                0x000000008009606a                FiFo_eth_Get
                0x00000000800960f2                FiFo_eth_Get_DataBuffer
                0x0000000080096168                FiFo_eth_Get_copy
                0x00000000800961be                FiFo_eth_Clear
 .text          0x00000000800961da       0x8a D:/Projekte/UCU_AMOS/23_SW_Construction/23c_Application/Bsw/BSW_Lib.a(timer.o)
                0x00000000800961da                timer_set
                0x0000000080096202                timer_reset
                0x0000000080096226                timer_restart
                0x000000008009623c                timer_expired
 .text          0x0000000080096264        0xc D:/Projekte/UCU_AMOS/23_SW_Construction/23c_Application/Bsw/BSW_Lib.a(clock_arch.o)
                0x0000000080096264                clock_time
 .text          0x0000000080096270     0x2cf4 D:/Projekte/UCU_AMOS/23_SW_Construction/23c_Application/Bsw/BSW_Lib.a(uip.o)
                0x0000000080096270                uip_setipid
                0x000000008009628c                uip_add32
                0x00000000800964d2                uip_chksum
                0x00000000800964fc                uip_ipchksum
                0x00000000800965e2                uip_tcpchksum
                0x00000000800965ee                uip_init
                0x0000000080096714                uip_connect
                0x000000008009693c                uip_udp_new
                0x0000000080096b0c                uip_unlisten
                0x0000000080096b98                uip_listen
                0x0000000080096cb8                uip_process
                0x0000000080098ece                htons
                0x0000000080098f00                uip_send
 .text          0x0000000080098f64      0x962 D:/Projekte/UCU_AMOS/23_SW_Construction/23c_Application/Bsw/BSW_Lib.a(uip_arp.o)
                0x0000000080098f64                uip_arp_init
                0x0000000080098fc6                uip_arp_timer
                0x00000000800992fa                uip_arp_arpin
                0x0000000080099534                uip_arp_out
 *fill*         0x00000000800998c6        0x2 00
 .text          0x00000000800998c8      0xa3c D:/Projekte/UCU_AMOS/23_SW_Construction/23c_Application/Bsw/BSW_Lib.a(Lin.o)
                0x00000000800998c8                Lin_ConfigureForHeaderReception
                0x000000008009993a                Lin_Init
                0x0000000080099d5e                Lin_CheckWakeup
                0x0000000080099d76                Lin_SendFrame
                0x0000000080099e1a                Lin_GoToSleep
                0x0000000080099e4a                Lin_SendHeader
                0x000000008009a000                Lin_GoToSleepInternal
                0x000000008009a030                Lin_Wakeup
                0x000000008009a0f6                Lin_WakeupInternal
                0x000000008009a126                Lin_GetStatus
                0x000000008009a1e0                Lin_Get_asclinSFR
                0x000000008009a264                Lin_TransmitHeaderEnd
 .text          0x000000008009a304      0x338 D:/Projekte/UCU_AMOS/23_SW_Construction/23c_Application/Bsw/BSW_Lib.a(Lin_Irq.o)
                0x000000008009a304                LinIrq_ISR_LIN1_EX
                0x000000008009a4dc                LinIrq_ISR_LIN1_RX
                0x000000008009a586                LinIrq_ISR_LIN1_TX
                0x000000008009a5e6                LinIrq_checkPidPar
 .text          0x000000008009a63c      0x53c D:/Projekte/UCU_AMOS/23_SW_Construction/23c_Application/Bsw/BSW_Lib.a(LinTrcv.o)
                0x000000008009a63c                LinTrcv_Init
                0x000000008009a732                LinTrcv_SetOpMode
                0x000000008009a8cc                LinTrcv_GetOpMode
                0x000000008009a928                LinTrcv_GetBusWuReason
                0x000000008009a97e                LinTrcv_GetVersionInfo
                0x000000008009a9d0                LinTrcv_CheckWakeup
                0x000000008009aa86                LinTrcv_SetWakeupMode
 .text          0x000000008009ab78      0xdd0 D:/Projekte/UCU_AMOS/23_SW_Construction/23c_Application/Bsw/BSW_Lib.a(pwd.o)
                0x000000008009ab78                HW_PWD_Test
                0x000000008009ab7c                HW_PWD_Configure
                0x000000008009ab92                pwd_init_channel
                0x000000008009b496                pwd_Init
                0x000000008009b4c2                HW_PWD_GetHighTime15ns
                0x000000008009b52c                HW_PWD_GetSync
                0x000000008009b5b8                HW_PWD_GetFrequencySync
                0x000000008009b646                pwd_GetHighTime15ns
                0x000000008009b6f2                HW_PWD_SetFilterPara
                0x000000008009b7a2                pwd_MeasurePwm
 .text          0x000000008009b948     0x3684 D:/Projekte/UCU_AMOS/23_SW_Construction/23c_Application/Bsw/BSW_Lib.a(pwm.o)
                0x000000008009b948                HW_PWM_InitSync
                0x000000008009be72                HW_PWM_Configure
                0x000000008009bec0                HW_PWM_SetFreqAndDutySync
                0x000000008009c084                HW_PWM_SetFrequencySync
                0x000000008009c108                HW_PWM_SetSync
                0x000000008009c1e0                HW_PWM_GetVersionOfDriver
                0x000000008009c1e8                HW_PWM_GetSync
                0x000000008009c1f8                HW_PWM_GetFrequencySync
                0x000000008009c208                pwm_init_channel
                0x000000008009ea90                pwm_enable_channel
                0x000000008009ec28                pwm_disable_update_channel
                0x000000008009ed10                pwm_enable_update_channel
                0x000000008009ed32                pwm_init_disable_update_channel
                0x000000008009ef1a                pwm_init_enable_update_channel
 .text          0x000000008009efcc      0xfe4 D:/Projekte/UCU_AMOS/23_SW_Construction/23c_Application/Bsw/BSW_Lib.a(spi_dac.o)
                0x000000008009efcc                spi_dac_ReadRxValue
                0x000000008009f02a                SPI_Dac_Init
                0x000000008009fabe                SPI_Dac_Task100us
                0x000000008009fbe0                SPI_Dac_Task1ms
                0x000000008009fbe4                SPI_Dac_Task1ms_Original
                0x000000008009fec6                HW_DAC_InitOutput
                0x000000008009fef8                HW_DAC_SetSync
                0x000000008009ff38                HW_GetPreasure
 .text          0x000000008009ffb0     0x14c4 D:/Projekte/UCU_AMOS/23_SW_Construction/23c_Application/Bsw/BSW_Lib.a(spi_sbc.o)
                0x000000008009ffb0                spi_sbc_SetParity
                0x00000000800a014a                spi_sbc_ReadRxValue
                0x00000000800a01ac                spi_sbc_WriteTxValue
                0x00000000800a0234                SPI_Sbc_Init
                0x00000000800a07f8                SPI_Sbc_Task1ms
                0x00000000800a140c                Sbc_SwitchOff
                0x00000000800a1442                Sbc_WakeupCanEn
                0x00000000800a145e                Sbc_GetOutputErrState
 .text          0x00000000800a1474      0x2de D:/Projekte/UCU_AMOS/23_SW_Construction/23c_Application/Bsw/BSW_Lib.a(fifo_spi.o)
                0x00000000800a1474                spi_FifoInit
                0x00000000800a1494                spi_FiFoGetCountRx
                0x00000000800a14aa                spi_FiFoGetCountTx
                0x00000000800a14c0                spi_FiFoAddRx
                0x00000000800a14e2                spi_FiFoAddTx
                0x00000000800a1504                spi_FiFoGetRx
                0x00000000800a1524                spi_FiFoGetTx
                0x00000000800a1544                spi_FiFoClearRx
                0x00000000800a1556                spi_FiFoClearTx
                0x00000000800a1568                FiFo_spi_Init
                0x00000000800a1594                FiFo_spi_GetCount
                0x00000000800a15ee                FiFo_spi_Add
                0x00000000800a16b4                FiFo_spi_Get
                0x00000000800a1736                FiFo_spi_Clear
 .text          0x00000000800a1752      0x7ba D:/Projekte/UCU_AMOS/23_SW_Construction/23c_Application/Bsw/BSW_Lib.a(watchDog.o)
                0x00000000800a1752                WatchDogReload
                0x00000000800a1772                getWatchDogFrequenzTeiler
                0x00000000800a190e                WatchDogInit
                0x00000000800a1a66                WatchDogEnable
                0x00000000800a1bb8                setWatchDogMode
                0x00000000800a1d34                WatchDogDisable
                0x00000000800a1e86                WatchDogTrigger
                0x00000000800a1e96                setWatchDogTimeOut
 .text          0x00000000800a1f0c       0x94 D:/Projekte/UCU_AMOS/23_SW_Construction/23c_Application/Bsw/BSW_Lib.a(adc.o)
                0x00000000800a1f0c                HW_ADC_InitInput
                0x00000000800a1f18                HW_ADC_InitSync
                0x00000000800a1f2e                HW_ADC_GetSync
                0x00000000800a1f56                HW_ADC_GetVersionOfDriver
                0x00000000800a1f64                HW_ADC_StopSampleSync
                0x00000000800a1f6c                HW_ADC_StartSampleSync
                0x00000000800a1f88                HW_ADC_GetStatusSync
 .text          0x00000000800a1fa0      0xbe8 D:/Projekte/UCU_AMOS/23_SW_Construction/23c_Application/Bsw/BSW_Lib.a(vadc.o)
                0x00000000800a1fa0                Vadc_Init
                0x00000000800a22b6                Vadc_SetQueue
                0x00000000800a2760                Vadc_SetResTrigger
                0x00000000800a29a4                Vadc_GetResult
                0x00000000800a29c8                Vadc_Main_FastTask
                0x00000000800a2ad0                Vadc_Main_SlowTask
 .text          0x00000000800a2b88      0x188 D:/Projekte/UCU_AMOS/23_SW_Construction/23c_Application/Bsw/BSW_Lib.a(Cpu1_Os_Main.o)
                0x00000000800a2b88                GetTimebaseTime_C1
                0x00000000800a2c20                MAIN_getFastData
                0x00000000800a2c36                MAIN_ISR_FastTask_C1
                0x00000000800a2c3a                MAIN_Init_C1
                0x00000000800a2c82                MAIN_Task_100ms_C1
                0x00000000800a2c86                MAIN_Task_10ms_C1
                0x00000000800a2c8e                MAIN_Task_1ms_C1
                0x00000000800a2c96                MAIN_Task_Idle_C1
                0x00000000800a2c9a                MAIN_Error_C1
                0x00000000800a2cae                MAIN_C1_FlashProgrammingAllowed
                0x00000000800a2cb6                MAIN_Reset_C1
 .text          0x00000000800a2d10      0x3ea D:/Projekte/UCU_AMOS/23_SW_Construction/23c_Application/Bsw/BSW_Lib.a(rtc.o)
                0x00000000800a2d10                RTC_Init
                0x00000000800a2d22                RTC_AddSleepTime
                0x00000000800a2d4c                RTC_SetCurrTime
                0x00000000800a2d78                RTC_GetTimeDate
                0x00000000800a3046                cmd_getTimeDate
                0x00000000800a307c                RTC_UpdateRtcTime
                0x00000000800a30f2                RTC_Task_100ms
 .text          0x00000000800a30fa       0x12 D:/Projekte/UCU_AMOS/23_SW_Construction/23c_Application/Bsw/BSW_Lib.a(ComM.o)
                0x00000000800a30fa                ComM_BusSM_ModeIndication
 .text          0x00000000800a310c     0x1420 D:/Projekte/UCU_AMOS/23_SW_Construction/23c_Application/Bsw/BSW_Lib.a(Fee.o)
                0x00000000800a310c                Fee_Init
                0x00000000800a312c                Fee_Read
                0x00000000800a3382                Fee_ReadHis
                0x00000000800a363a                Fee_Write
                0x00000000800a37ba                Fee_GetStatus
                0x00000000800a37e2                Fee_GetJobResult
                0x00000000800a380a                Fee_MainFunction
                0x00000000800a439a                Fee_CheckRangeForZero
                0x00000000800a4404                IfxScuCCu_DFlash_disableEccTrap
                0x00000000800a4462                IfxScuCCu_DFlash_enableEccTrap
                0x00000000800a44c4                Fee_GetFeeCfgNr
 .text          0x00000000800a452c     0x1bea D:/Projekte/UCU_AMOS/23_SW_Construction/23c_Application/Bsw/BSW_Lib.a(IfxAsclin_Lin.o)
                0x00000000800a452c                IfxAsclin_Lin_checkForReceivedHeaderFlags
                0x00000000800a46e4                IfxAsclin_Lin_checkForReceivedResponseFlags
                0x00000000800a48ec                IfxAsclin_Lin_checkForTransmittedHeaderFlags
                0x00000000800a4a5c                IfxAsclin_Lin_checkForTransmittedResponseFlags
                0x00000000800a4bd8                IfxAsclin_Lin_clearFlagsStatus
                0x00000000800a4ccc                IfxAsclin_Lin_disableModule
                0x00000000800a4d18                IfxAsclin_Lin_ignoreHeader
                0x00000000800a4dae                IfxAsclin_Lin_initModule
                0x00000000800a5874                IfxAsclin_Lin_initModuleConfig
                0x00000000800a5a22                IfxAsclin_Lin_receiveHeader
                0x00000000800a5b26                IfxAsclin_Lin_receiveResponse
                0x00000000800a5c74                IfxAsclin_Lin_sendHeader
                0x00000000800a5dc4                IfxAsclin_Lin_sendResponse
                0x00000000800a5ef6                IfxAsclin_Lin_waitForReceivedHeader
                0x00000000800a5f82                IfxAsclin_Lin_waitForReceivedResponse
                0x00000000800a601e                IfxAsclin_Lin_waitForTransmittedHeader
                0x00000000800a609a                IfxAsclin_Lin_waitForTransmittedResponse
 *fill*         0x00000000800a6116        0x2 00
 .text          0x00000000800a6118      0xb7c D:/Projekte/UCU_AMOS/23_SW_Construction/23c_Application/Bsw/BSW_Lib.a(IfxAsclin.o)
                0x00000000800a6118                IfxAsclin_disableModule
                0x00000000800a6158                IfxAsclin_enableAscErrorFlags
                0x00000000800a61ee                IfxAsclin_enableModule
                0x00000000800a622e                IfxAsclin_getAddress
                0x00000000800a6268                IfxAsclin_getFaFrequency
                0x00000000800a6336                IfxAsclin_getIndex
                0x00000000800a639e                IfxAsclin_getOvsFrequency
                0x00000000800a63ee                IfxAsclin_getPdFrequency
                0x00000000800a6420                IfxAsclin_getShiftFrequency
                0x00000000800a644c                IfxAsclin_getSrcPointerEr
                0x00000000800a6474                IfxAsclin_getSrcPointerRx
                0x00000000800a649a                IfxAsclin_getSrcPointerTx
                0x00000000800a64be                IfxAsclin_read16
                0x00000000800a650e                IfxAsclin_read32
                0x00000000800a655a                IfxAsclin_read8
                0x00000000800a65aa                IfxAsclin_resetModule
                0x00000000800a663c                IfxAsclin_setBaudrateBitFields
                0x00000000800a6784                IfxAsclin_setBitTiming
                0x00000000800a6b32                IfxAsclin_setClockSource
                0x00000000800a6baa                IfxAsclin_write16
                0x00000000800a6bfa                IfxAsclin_write32
                0x00000000800a6c46                IfxAsclin_write8
 .text          0x00000000800a6c94     0x25ce D:/Projekte/UCU_AMOS/23_SW_Construction/23c_Application/Bsw/BSW_Lib.a(IfxEth.o)
                0x00000000800a6c94                IfxEth_disableModule
                0x00000000800a6ccc                IfxEth_enableModule
                0x00000000800a6cfe                IfxEth_freeReceiveBuffer
                0x00000000800a6d3e                IfxEth_getReceiveBuffer
                0x00000000800a6dbc                IfxEth_getTransmitBuffer
                0x00000000800a6e06                IfxEth_init
                0x00000000800a726a                IfxEth_initConfig
                0x00000000800a72a8                IfxEth_initReceiveDescriptors
                0x00000000800a7466                IfxEth_initReceiveDescriptorsRingMode
                0x00000000800a783e                IfxEth_initTransmitDescriptors
                0x00000000800a79f6                IfxEth_initTransmitDescriptorsRingMode
                0x00000000800a7de0                IfxEth_readMacAddress
                0x00000000800a7e1c                IfxEth_resetModule
                0x00000000800a7ea6                IfxEth_sendTransmitBuffer
                0x00000000800a7f0e                IfxEth_sendTransmitBuffersRingMode
                0x00000000800a7fde                IfxEth_setAndSendTransmitBuffer
                0x00000000800a806e                IfxEth_setMacAddress
                0x00000000800a80f0                IfxEth_setupChecksumEngine
                0x00000000800a81aa                IfxEth_setupMiiInputPins
                0x00000000800a8762                IfxEth_setupMiiOutputPins
                0x00000000800a8a10                IfxEth_setupRmiiInputPins
                0x00000000800a8cac                IfxEth_setupRmiiOutputPins
                0x00000000800a8ed4                IfxEth_shuffleRxDescriptor
                0x00000000800a8f6e                IfxEth_shuffleTxDescriptor
                0x00000000800a9008                IfxEth_startReceiver
                0x00000000800a9048                IfxEth_startTransmitter
                0x00000000800a908a                IfxEth_stopReceiver
                0x00000000800a90ca                IfxEth_stopTransmitter
                0x00000000800a910c                IfxEth_wakeupReceiver
                0x00000000800a915e                IfxEth_wakeupTransmitter
                0x00000000800a91b0                IfxEth_writeHeader
 .text          0x00000000800a9262      0x3e8 D:/Projekte/UCU_AMOS/23_SW_Construction/23c_Application/Bsw/BSW_Lib.a(IfxFlash.o)
                0x00000000800a9262                IfxFlash_clearCorrectableErrorTracking
                0x00000000800a928e                IfxFlash_clearUncorrectableErrorTracking
                0x00000000800a92ba                IfxFlash_disableCorrectableErrorTracking
                0x00000000800a9302                IfxFlash_disableUncorrectableErrorTracking
                0x00000000800a934a                IfxFlash_disableWriteProtection
                0x00000000800a93aa                IfxFlash_getTrackedCorrectableErrors
                0x00000000800a94a4                IfxFlash_getTrackedUncorrectableErrors
                0x00000000800a959a                IfxFlash_selectCorrectableErrorTracking
                0x00000000800a95dc                IfxFlash_selectUncorrectableErrorTracking
                0x00000000800a961e                IfxFlash_isFlashBusy
 .text          0x00000000800a964a       0xa8 D:/Projekte/UCU_AMOS/23_SW_Construction/23c_Application/Bsw/BSW_Lib.a(IfxGtm.o)
                0x00000000800a964a                IfxGtm_disable
                0x00000000800a968a                IfxGtm_enable
                0x00000000800a96ca                IfxGtm_getSysClkFrequency
 .text          0x00000000800a96f2     0x2d80 D:/Projekte/UCU_AMOS/23_SW_Construction/23c_Application/Bsw/BSW_Lib.a(IfxMultican_Can.o)
                0x00000000800a96f2                IfxMultican_Can_MsgObj_getConfig
                0x00000000800a9896                IfxMultican_Can_MsgObj_init
                0x00000000800aab82                IfxMultican_Can_MsgObj_initConfig
                0x00000000800aad20                IfxMultican_Can_MsgObj_isRxPending
                0x00000000800aae5a                IfxMultican_Can_MsgObj_isTransmitRequested
                0x00000000800aaf98                IfxMultican_Can_MsgObj_isTxPending
                0x00000000800ab0d2                IfxMultican_Can_MsgObj_readMessage
                0x00000000800ab1d4                IfxMultican_Can_MsgObj_sendMessage
                0x00000000800ab336                IfxMultican_Can_Node_getConfig
                0x00000000800ab3ca                IfxMultican_Can_Node_init
                0x00000000800abab4                IfxMultican_Can_Node_initConfig
                0x00000000800abc5e                IfxMultican_Can_Node_sendToBusOff
                0x00000000800abd04                IfxMultican_Can_getConfig
                0x00000000800abe78                IfxMultican_Can_getModuleFrequency
                0x00000000800abe98                IfxMultican_Can_initModule
                0x00000000800ac3de                IfxMultican_Can_initModuleConfig
 .text          0x00000000800ac472     0x22f2 D:/Projekte/UCU_AMOS/23_SW_Construction/23c_Application/Bsw/BSW_Lib.a(IfxMultican.o)
                0x00000000800ac472                IfxMultican_MsgObj_cancelSend
                0x00000000800ac4cc                IfxMultican_MsgObj_clearStatusFlag
                0x00000000800ac4fc                IfxMultican_MsgObj_deinit
                0x00000000800ac9f8                IfxMultican_MsgObj_getPendingId
                0x00000000800aca66                IfxMultican_MsgObj_getStatus
                0x00000000800aca82                IfxMultican_MsgObj_getStatusFlag
                0x00000000800acab4                IfxMultican_MsgObj_readLongFrame
                0x00000000800acc08                IfxMultican_MsgObj_readMessage
                0x00000000800acccc                IfxMultican_MsgObj_sendLongFrame
                0x00000000800ad156                IfxMultican_MsgObj_sendMessage
                0x00000000800ad282                IfxMultican_MsgObj_setFilter
                0x00000000800ad34c                IfxMultican_MsgObj_setStatusFlag
                0x00000000800ad382                IfxMultican_Node_deinit
                0x00000000800ad3e0                IfxMultican_Node_initRxPin
                0x00000000800ad472                IfxMultican_Node_initTxPin
                0x00000000800ad4ee                IfxMultican_Node_recoverBusOff
                0x00000000800ad5f4                IfxMultican_Node_setBitTiming
                0x00000000800ada2a                IfxMultican_Node_setFastBitTiming
                0x00000000800ade4e                IfxMultican_Node_setNominalBitTiming
                0x00000000800ae284                IfxMultican_calcTimingFromBTR
                0x00000000800ae394                IfxMultican_deinit
                0x00000000800ae57a                IfxMultican_getSrcPointer
                0x00000000800ae5d2                IfxMultican_resetModule
                0x00000000800ae664                IfxMultican_setListCommand
                0x00000000800ae6c2                IfxMultican_getIndex
                0x00000000800ae72a                IfxMultican_getAddress
 .text          0x00000000800ae764      0xaf6 D:/Projekte/UCU_AMOS/23_SW_Construction/23c_Application/Bsw/BSW_Lib.a(IfxPort.o)
                0x00000000800ae764                IfxPort_disableEmergencyStop
                0x00000000800ae7fa                IfxPort_enableEmergencyStop
                0x00000000800ae88c                IfxPort_getAddress
                0x00000000800ae8c8                IfxPort_getIndex
                0x00000000800ae932                IfxPort_resetESR
                0x00000000800ae998                IfxPort_setESR
                0x00000000800aea06                IfxPort_setGroupModeInput
                0x00000000800aeba2                IfxPort_setGroupModeOutput
                0x00000000800aed48                IfxPort_setGroupPadDriver
                0x00000000800aef02                IfxPort_setPinMode
                0x00000000800aefd6                IfxPort_setPinModeLvdsHigh
                0x00000000800af0fc                IfxPort_setPinModeLvdsMedium
                0x00000000800af1bc                IfxPort_setPinPadDriver
 .text          0x00000000800af25a      0x6fa D:/Projekte/UCU_AMOS/23_SW_Construction/23c_Application/Bsw/BSW_Lib.a(fifo.o)
                0x00000000800af25a                FiFo_Init
                0x00000000800af296                FiFo_GetCount
                0x00000000800af2f8                FiFo_Add
                0x00000000800af3e8                FiFo_Get
                0x00000000800af47c                FiFo_UpdateGet
                0x00000000800af4de                FiFo_Get_without_Update
                0x00000000800af532                FiFo_GetFirstFrame
                0x00000000800af6ec                FiFo_GetPrioFrameId
                0x00000000800af786                FiFo_GetPrioFrame
                0x00000000800af938                FiFo_Clear
 .text          0x00000000800af954       0xae D:/Projekte/UCU_AMOS/23_SW_Construction/23c_Application/Bsw/BSW_Lib.a(LinTrcv_HW_Dependent.o)
                0x00000000800af954                LinTrcvModeSet
                0x00000000800af9da                LinWakeUpEventDet
 .text          0x00000000800afa02      0x838 D:/Projekte/UCU_AMOS/23_SW_Construction/23c_Application/Bsw/BSW_Lib.a(dma_vadc.o)
                0x00000000800afa02                Dma_Vadc_Init
 .text          0x00000000800b023a       0xa0 D:/Projekte/UCU_AMOS/23_SW_Construction/23c_Application/Bsw/BSW_Lib.a(crc32.o)
                0x00000000800b023a                crc32
                0x00000000800b02a0                crc32_validate
                0x00000000800b02c6                crc32_get_rom_value
 .text          0x00000000800b02da      0x3b8 D:/Projekte/UCU_AMOS/23_SW_Construction/23c_Application/tmp/libs/Rte_Lib.a(dat_rte.o)
                0x00000000800b02da                DAT_Init
                0x00000000800b034e                DAT_SetPage
                0x00000000800b0408                DAT_GetPage
                0x00000000800b041a                DAT_MapAddress
                0x00000000800b0476                DAT_CopyPage
                0x00000000800b0562                Dat_WriteCalDataToNvM
                0x00000000800b05b2                Dat_ReadCalDataFromNvM
                0x00000000800b068a                DAT_Idle
 .text          0x00000000800b0692      0x88e D:/Projekte/UCU_AMOS/23_SW_Construction/23c_Application/tmp/libs/Rte_Lib.a(Rte.o)
                0x00000000800b069a                Rte_Read_wLoad_fromApp_test_u8
                0x00000000800b06d6                Rte_Read_wLoad_fromApp_test_i8
                0x00000000800b0714                Rte_Read_wLoad_fromApp_test_u16
                0x00000000800b0752                Rte_Read_wLoad_fromApp_test_i16
                0x00000000800b078e                Rte_Read_wLoad_fromApp_test_u32
                0x00000000800b07ca                Rte_Read_wLoad_fromApp_test_i32
                0x00000000800b0806                Rte_Read_wLoad_fromApp_test_r32
                0x00000000800b0842                Rte_Read_wLoad_fromApp_test_b
                0x00000000800b087e                Rte_Write_wLoad_toApp_test_u8
                0x00000000800b08a6                Rte_Write_wLoad_toApp_test_i8
                0x00000000800b08ce                Rte_Write_wLoad_toApp_test_u16
                0x00000000800b08f6                Rte_Write_wLoad_toApp_test_i16
                0x00000000800b091e                Rte_Write_wLoad_toApp_test_u32
                0x00000000800b0944                Rte_Write_wLoad_toApp_test_i32
                0x00000000800b096a                Rte_Write_wLoad_toApp_test_r32
                0x00000000800b0990                Rte_Write_wLoad_toApp_test_b
                0x00000000800b09b8                Rte_Read_AMOS_APP4UCU_toApp_test_u8
                0x00000000800b09f4                Rte_Read_AMOS_APP4UCU_toApp_test_i8
                0x00000000800b0a32                Rte_Read_AMOS_APP4UCU_toApp_test_u16
                0x00000000800b0a70                Rte_Read_AMOS_APP4UCU_toApp_test_i16
                0x00000000800b0aac                Rte_Read_AMOS_APP4UCU_toApp_test_u32
                0x00000000800b0ae8                Rte_Read_AMOS_APP4UCU_toApp_test_i32
                0x00000000800b0b24                Rte_Read_AMOS_APP4UCU_toApp_test_r32
                0x00000000800b0b60                Rte_Read_AMOS_APP4UCU_toApp_test_b
                0x00000000800b0b9c                Rte_Write_AMOS_APP4UCU_fromApp_test_u8
                0x00000000800b0bc4                Rte_Write_AMOS_APP4UCU_fromApp_test_i8
                0x00000000800b0bec                Rte_Write_AMOS_APP4UCU_fromApp_test_u16
                0x00000000800b0c14                Rte_Write_AMOS_APP4UCU_fromApp_test_i16
                0x00000000800b0c3c                Rte_Write_AMOS_APP4UCU_fromApp_test_u32
                0x00000000800b0c62                Rte_Write_AMOS_APP4UCU_fromApp_test_i32
                0x00000000800b0c88                Rte_Write_AMOS_APP4UCU_fromApp_test_r32
                0x00000000800b0cae                Rte_Write_AMOS_APP4UCU_fromApp_test_b
                0x00000000800b0cd6                Rte_Start
                0x00000000800b0d16                Rte_Stop
                0x00000000800b0d2c                Rte_Init
                0x00000000800b0e34                Rte_Task_1000
                0x00000000800b0e5e                Rte_Task_100
                0x00000000800b0e88                Rte_Task_10000
                0x00000000800b0ebc                Rte_MainFunction
                0x00000000800b0f00                Rte_Core0_MainFunction_Fast
 .text          0x00000000800b0f20      0x1de D:/Projekte/UCU_AMOS/23_SW_Construction/23c_Application/tmp/libs/IOHwAb_C0_Lib.a(WdgM.o)
                0x00000000800b0f20                WdgM_Init
                0x00000000800b0f7a                WdgM_UpdateAliveCounter
                0x00000000800b0fea                WdgM_GetGlobalStatus
                0x00000000800b1056                WdgM_CheckAllAliveCounter